Archive member included to satisfy reference by file (symbol)

/usr/local/Cellar/avr-gcc@8/8.4.0/lib/avr-gcc/8/gcc/avr/8.4.0/../../../../../../avr/lib/avr5/libm.a(fixsfsi.o)
                              .build/obj_kb_default/common/mousekey.o (__fixsfsi)
/usr/local/Cellar/avr-gcc@8/8.4.0/lib/avr-gcc/8/gcc/avr/8.4.0/../../../../../../avr/lib/avr5/libm.a(fixunssfsi.o)
                              /usr/local/Cellar/avr-gcc@8/8.4.0/lib/avr-gcc/8/gcc/avr/8.4.0/../../../../../../avr/lib/avr5/libm.a(fixsfsi.o) (__fixunssfsi)
/usr/local/Cellar/avr-gcc@8/8.4.0/lib/avr-gcc/8/gcc/avr/8.4.0/../../../../../../avr/lib/avr5/libm.a(floatsisf.o)
                              .build/obj_kb_default/common/mousekey.o (__floatsisf)
/usr/local/Cellar/avr-gcc@8/8.4.0/lib/avr-gcc/8/gcc/avr/8.4.0/../../../../../../avr/lib/avr5/libm.a(fp_split3.o)
                              /usr/local/Cellar/avr-gcc@8/8.4.0/lib/avr-gcc/8/gcc/avr/8.4.0/../../../../../../avr/lib/avr5/libm.a(fixunssfsi.o) (__fp_splitA)
/usr/local/Cellar/avr-gcc@8/8.4.0/lib/avr-gcc/8/gcc/avr/8.4.0/../../../../../../avr/lib/avr5/libm.a(fp_zero.o)
                              /usr/local/Cellar/avr-gcc@8/8.4.0/lib/avr-gcc/8/gcc/avr/8.4.0/../../../../../../avr/lib/avr5/libm.a(fixunssfsi.o) (__fp_zero)
/usr/local/Cellar/avr-gcc@8/8.4.0/lib/avr-gcc/8/gcc/avr/8.4.0/../../../../../../avr/lib/avr5/libm.a(mulsf3.o)
                              .build/obj_kb_default/common/mousekey.o (__mulsf3)
/usr/local/Cellar/avr-gcc@8/8.4.0/lib/avr-gcc/8/gcc/avr/8.4.0/../../../../../../avr/lib/avr5/libm.a(mulsf3x.o)
                              /usr/local/Cellar/avr-gcc@8/8.4.0/lib/avr-gcc/8/gcc/avr/8.4.0/../../../../../../avr/lib/avr5/libm.a(mulsf3.o) (__mulsf3x)
/usr/local/Cellar/avr-gcc@8/8.4.0/lib/avr-gcc/8/gcc/avr/8.4.0/../../../../../../avr/lib/avr5/libm.a(fp_inf.o)
                              /usr/local/Cellar/avr-gcc@8/8.4.0/lib/avr-gcc/8/gcc/avr/8.4.0/../../../../../../avr/lib/avr5/libm.a(mulsf3x.o) (__fp_inf)
/usr/local/Cellar/avr-gcc@8/8.4.0/lib/avr-gcc/8/gcc/avr/8.4.0/../../../../../../avr/lib/avr5/libm.a(fp_nan.o)
                              /usr/local/Cellar/avr-gcc@8/8.4.0/lib/avr-gcc/8/gcc/avr/8.4.0/../../../../../../avr/lib/avr5/libm.a(mulsf3x.o) (__fp_nan)
/usr/local/Cellar/avr-gcc@8/8.4.0/lib/avr-gcc/8/gcc/avr/8.4.0/../../../../../../avr/lib/avr5/libm.a(fp_pscA.o)
                              /usr/local/Cellar/avr-gcc@8/8.4.0/lib/avr-gcc/8/gcc/avr/8.4.0/../../../../../../avr/lib/avr5/libm.a(mulsf3x.o) (__fp_pscA)
/usr/local/Cellar/avr-gcc@8/8.4.0/lib/avr-gcc/8/gcc/avr/8.4.0/../../../../../../avr/lib/avr5/libm.a(fp_pscB.o)
                              /usr/local/Cellar/avr-gcc@8/8.4.0/lib/avr-gcc/8/gcc/avr/8.4.0/../../../../../../avr/lib/avr5/libm.a(mulsf3x.o) (__fp_pscB)
/usr/local/Cellar/avr-gcc@8/8.4.0/lib/avr-gcc/8/gcc/avr/8.4.0/../../../../../../avr/lib/avr5/libm.a(fp_round.o)
                              /usr/local/Cellar/avr-gcc@8/8.4.0/lib/avr-gcc/8/gcc/avr/8.4.0/../../../../../../avr/lib/avr5/libm.a(mulsf3.o) (__fp_round)
/usr/local/Cellar/avr-gcc@8/8.4.0/lib/avr-gcc/8/gcc/avr/8.4.0/avr5/libgcc.a(_divmodhi4.o)
                              .build/obj_kb_default/common/mousekey.o (__divmodhi4)
/usr/local/Cellar/avr-gcc@8/8.4.0/lib/avr-gcc/8/gcc/avr/8.4.0/avr5/libgcc.a(_exit.o)
                              /usr/local/Cellar/avr-gcc@8/8.4.0/lib/avr-gcc/8/gcc/avr/8.4.0/../../../../../../avr/lib/avr5/crtatmega32u4.o (exit)
/usr/local/Cellar/avr-gcc@8/8.4.0/lib/avr-gcc/8/gcc/avr/8.4.0/avr5/libgcc.a(_tablejump2.o)
                              .build/obj_kb_default/quantum/quantum.o (__tablejump2__)
/usr/local/Cellar/avr-gcc@8/8.4.0/lib/avr-gcc/8/gcc/avr/8.4.0/avr5/libgcc.a(_copy_data.o)
                              .build/obj_kb_default/quantum/matrix.o (__do_copy_data)
/usr/local/Cellar/avr-gcc@8/8.4.0/lib/avr-gcc/8/gcc/avr/8.4.0/avr5/libgcc.a(_clear_bss.o)
                              .build/obj_kb_default/quantum/quantum.o (__do_clear_bss)
/usr/local/Cellar/avr-gcc@8/8.4.0/lib/avr-gcc/8/gcc/avr/8.4.0/avr5/libgcc.a(_udivmodhi4.o)
                              /usr/local/Cellar/avr-gcc@8/8.4.0/lib/avr-gcc/8/gcc/avr/8.4.0/avr5/libgcc.a(_divmodhi4.o) (__udivmodhi4)
/usr/local/Cellar/avr-gcc@8/8.4.0/lib/avr-gcc/8/gcc/avr/8.4.0/../../../../../../avr/lib/avr5/libatmega32u4.a(eerd_byte.o)
                              .build/obj_kb_default/common/eeconfig.o (eeprom_read_byte)
/usr/local/Cellar/avr-gcc@8/8.4.0/lib/avr-gcc/8/gcc/avr/8.4.0/../../../../../../avr/lib/avr5/libatmega32u4.a(eerd_word.o)
                              .build/obj_kb_default/common/eeconfig.o (eeprom_read_word)
/usr/local/Cellar/avr-gcc@8/8.4.0/lib/avr-gcc/8/gcc/avr/8.4.0/../../../../../../avr/lib/avr5/libatmega32u4.a(eeupd_byte.o)
                              .build/obj_kb_default/common/eeconfig.o (eeprom_update_byte)
/usr/local/Cellar/avr-gcc@8/8.4.0/lib/avr-gcc/8/gcc/avr/8.4.0/../../../../../../avr/lib/avr5/libatmega32u4.a(eeupd_word.o)
[...]
Memory Configuration

Name             Origin             Length             Attributes
text             0x0000000000000000 0x0000000000020000 xr
data             0x0000000000800060 0x000000000000ffa0 rw !x
eeprom           0x0000000000810000 0x0000000000010000 rw !x
fuse             0x0000000000820000 0x0000000000000400 rw !x
lock             0x0000000000830000 0x0000000000000400 rw !x
signature        0x0000000000840000 0x0000000000000400 rw !x
user_signatures  0x0000000000850000 0x0000000000000400 rw !x
*default*        0x0000000000000000 0xffffffffffffffff

Linker script and memory map

Address of section .data set to 0x800100
LOAD /usr/local/Cellar/avr-gcc@8/8.4.0/lib/avr-gcc/8/gcc/avr/8.4.0/../../../../../../avr/lib/avr5/crtatmega32u4.o
LOAD .build/obj_kb_default/keyboards/kb/kb.o
LOAD .build/obj_kb_default/keyboards/kb/keymaps/default/keymap.o
LOAD .build/obj_kb_default/quantum/quantum.o
LOAD .build/obj_kb_default/quantum/keymap_common.o
LOAD .build/obj_kb_default/quantum/keycode_config.o
LOAD .build/obj_kb_default/quantum/process_keycode/process_leader.o
LOAD .build/obj_kb_default/quantum/matrix.o
LOAD .build/obj_kb_default/quantum/process_keycode/process_unicode.o
LOAD .build/obj_kb_default/common/host.o
LOAD .build/obj_kb_default/common/keyboard.o
LOAD .build/obj_kb_default/common/action.o
LOAD .build/obj_kb_default/common/action_tapping.o
LOAD .build/obj_kb_default/common/action_macro.o
LOAD .build/obj_kb_default/common/action_layer.o
LOAD .build/obj_kb_default/common/action_util.o
LOAD .build/obj_kb_default/common/print.o
LOAD .build/obj_kb_default/common/debug.o
LOAD .build/obj_kb_default/common/util.o
LOAD .build/obj_kb_default/common/eeconfig.o
LOAD .build/obj_kb_default/common/avr/suspend.o
LOAD .build/obj_kb_default/common/avr/timer.o
LOAD .build/obj_kb_default/common/avr/bootloader.o
LOAD .build/obj_kb_default/common/avr/xprintf.o
LOAD .build/obj_kb_default/common/bootmagic.o
LOAD .build/obj_kb_default/common/mousekey.o
LOAD .build/obj_kb_default/lufa.o
LOAD .build/obj_kb_default/descriptor.o
LOAD .build/obj_kb_default/protocol/lufa/LUFA-git/LUFA/Drivers/USB/Class/Common/HIDParser.o
LOAD .build/obj_kb_default/protocol/lufa/LUFA-git/LUFA/Drivers/USB/Core/AVR8/Device_AVR8.o
LOAD .build/obj_kb_default/protocol/lufa/LUFA-git/LUFA/Drivers/USB/Core/AVR8/EndpointStream_AVR8.o
LOAD .build/obj_kb_default/protocol/lufa/LUFA-git/LUFA/Drivers/USB/Core/AVR8/Endpoint_AVR8.o
LOAD .build/obj_kb_default/protocol/lufa/LUFA-git/LUFA/Drivers/USB/Core/AVR8/Host_AVR8.o
LOAD .build/obj_kb_default/protocol/lufa/LUFA-git/LUFA/Drivers/USB/Core/AVR8/PipeStream_AVR8.o
LOAD .build/obj_kb_default/protocol/lufa/LUFA-git/LUFA/Drivers/USB/Core/AVR8/Pipe_AVR8.o
LOAD .build/obj_kb_default/protocol/lufa/LUFA-git/LUFA/Drivers/USB/Core/AVR8/USBController_AVR8.o
LOAD .build/obj_kb_default/protocol/lufa/LUFA-git/LUFA/Drivers/USB/Core/AVR8/USBInterrupt_AVR8.o
LOAD .build/obj_kb_default/protocol/lufa/LUFA-git/LUFA/Drivers/USB/Core/ConfigDescriptors.o
LOAD .build/obj_kb_default/protocol/lufa/LUFA-git/LUFA/Drivers/USB/Core/DeviceStandardReq.o
LOAD .build/obj_kb_default/protocol/lufa/LUFA-git/LUFA/Drivers/USB/Core/Events.o
LOAD .build/obj_kb_default/protocol/lufa/LUFA-git/LUFA/Drivers/USB/Core/HostStandardReq.o
LOAD .build/obj_kb_default/protocol/lufa/LUFA-git/LUFA/Drivers/USB/Core/USBTask.o
LOAD /usr/local/Cellar/avr-gcc@8/8.4.0/lib/avr-gcc/8/gcc/avr/8.4.0/../../../../../../avr/lib/avr5/libm.a
START GROUP
LOAD /usr/local/Cellar/avr-gcc@8/8.4.0/lib/avr-gcc/8/gcc/avr/8.4.0/avr5/libgcc.a
LOAD /usr/local/Cellar/avr-gcc@8/8.4.0/lib/avr-gcc/8/gcc/avr/8.4.0/../../../../../../avr/lib/avr5/libm.a
LOAD /usr/local/Cellar/avr-gcc@8/8.4.0/lib/avr-gcc/8/gcc/avr/8.4.0/../../../../../../avr/lib/avr5/libc.a
LOAD /usr/local/Cellar/avr-gcc@8/8.4.0/lib/avr-gcc/8/gcc/avr/8.4.0/../../../../../../avr/lib/avr5/libatmega32u4.a
END GROUP
                0x0000000000020000                __TEXT_REGION_LENGTH__ = DEFINED (__TEXT_REGION_LENGTH__)?__TEXT_REGION_LENGTH__:0x20000
                0x000000000000ffa0                __DATA_REGION_LENGTH__ = DEFINED (__DATA_REGION_LENGTH__)?__DATA_REGION_LENGTH__:0xffa0
                0x0000000000010000                __EEPROM_REGION_LENGTH__ = DEFINED (__EEPROM_REGION_LENGTH__)?__EEPROM_REGION_LENGTH__:0x10000
                0x0000000000000400                __FUSE_REGION_LENGTH__ = DEFINED (__FUSE_REGION_LENGTH__)?__FUSE_REGION_LENGTH__:0x400
                0x0000000000000400                __LOCK_REGION_LENGTH__ = DEFINED (__LOCK_REGION_LENGTH__)?__LOCK_REGION_LENGTH__:0x400
                0x0000000000000400                __SIGNATURE_REGION_LENGTH__ = DEFINED (__SIGNATURE_REGION_LENGTH__)?__SIGNATURE_REGION_LENGTH__:0x400
                0x0000000000000400                __USER_SIGNATURE_REGION_LENGTH__ = DEFINED (__USER_SIGNATURE_REGION_LENGTH__)?__USER_SIGNATURE_REGION_LENGTH__:0x400

.hash
 *(.hash)

.dynsym
 *(.dynsym)

.dynstr
 *(.dynstr)

.gnu.version
 *(.gnu.version)

.gnu.version_d
 *(.gnu.version_d)

.gnu.version_r
 *(.gnu.version_r)

.rel.init
 *(.rel.init)

.rela.init
 *(.rela.init)

.rel.text
 *(.rel.text)
 *(.rel.text.*)
 *(.rel.gnu.linkonce.t*)

.rela.text
 *(.rela.text)
 *(.rela.text.*)
 *(.rela.gnu.linkonce.t*)

.rel.fini
 *(.rel.fini)

.rela.fini
 *(.rela.fini)

.rel.rodata
 *(.rel.rodata)
 *(.rel.rodata.*)
 *(.rel.gnu.linkonce.r*)

.rela.rodata
 *(.rela.rodata)
 *(.rela.rodata.*)
 *(.rela.gnu.linkonce.r*)

.rel.data
 *(.rel.data)
 *(.rel.data.*)
 *(.rel.gnu.linkonce.d*)

.rela.data
 *(.rela.data)
 *(.rela.data.*)
 *(.rela.gnu.linkonce.d*)

.rel.ctors
 *(.rel.ctors)

.rela.ctors
 *(.rela.ctors)

.rel.dtors
 *(.rel.dtors)

.rela.dtors
 *(.rela.dtors)

.rel.got
 *(.rel.got)

.rela.got
 *(.rela.got)

.rel.bss
 *(.rel.bss)

.rela.bss
 *(.rela.bss)

.rel.plt
 *(.rel.plt)

.rela.plt
 *(.rela.plt)

.text           0x0000000000000000     0x4bb6
 *(.vectors)
 .vectors       0x0000000000000000       0xac /usr/local/Cellar/avr-gcc@8/8.4.0/lib/avr-gcc/8/gcc/avr/8.4.0/../../../../../../avr/lib/avr5/crtatmega32u4.o
                0x0000000000000000                __vectors
                0x0000000000000000                __vector_default
 *(.vectors)
 *(.progmem.gcc*)
                0x00000000000000ac                . = ALIGN (0x2)
                0x00000000000000ac                __trampolines_start = .
 *(.trampolines)
 .trampolines   0x00000000000000ac        0x0 linker stubs
 *(.trampolines*)
                0x00000000000000ac                __trampolines_end = .
 *libprintf_flt.a:*(.progmem.data)
 *libc.a:*(.progmem.data)
 *(.progmem.*)
 .progmem.data.keymaps
                0x00000000000000ac      0xb60 .build/obj_kb_default/keyboards/kb/keymaps/default/keymap.o
                0x00000000000000ac                keymaps
 .progmem.data.fn_actions
                0x0000000000000c0c        0x0 .build/obj_kb_default/quantum/keymap_common.o
                0x0000000000000c0c                fn_actions
 .progmem.data.ProductString
                0x0000000000000c0c       0x14 .build/obj_kb_default/descriptor.o
                0x0000000000000c0c                ProductString
 .progmem.data.ManufacturerString
                0x0000000000000c20       0x18 .build/obj_kb_default/descriptor.o
                0x0000000000000c20                ManufacturerString
 .progmem.data.LanguageString
                0x0000000000000c38        0x4 .build/obj_kb_default/descriptor.o
                0x0000000000000c38                LanguageString
 .progmem.data.ConfigurationDescriptor
                0x0000000000000c3c       0x6d .build/obj_kb_default/descriptor.o
                0x0000000000000c3c                ConfigurationDescriptor
 .progmem.data.DeviceDescriptor
                0x0000000000000ca9       0x12 .build/obj_kb_default/descriptor.o
                0x0000000000000ca9                DeviceDescriptor
 .progmem.data.NKROReport
                0x0000000000000cbb       0x39 .build/obj_kb_default/descriptor.o
                0x0000000000000cbb                NKROReport
 .progmem.data.ExtrakeyReport
                0x0000000000000cf4       0x36 .build/obj_kb_default/descriptor.o
                0x0000000000000cf4                ExtrakeyReport
 .progmem.data.MouseReport
                0x0000000000000d2a       0x4d .build/obj_kb_default/descriptor.o
                0x0000000000000d2a                MouseReport
 .progmem.data.KeyboardReport
                0x0000000000000d77       0x40 .build/obj_kb_default/descriptor.o
                0x0000000000000d77                KeyboardReport
                0x0000000000000db8                . = ALIGN (0x2)
 *fill*         0x0000000000000db7        0x1 
 *(.lowtext)
 *(.lowtext*)
                0x0000000000000db8                __ctors_start = .
 *(.ctors)
                0x0000000000000db8                __ctors_end = .
                0x0000000000000db8                __dtors_start = .
 *(.dtors)
                0x0000000000000db8                __dtors_end = .
 SORT_BY_NAME(*)(.ctors)
 SORT_BY_NAME(*)(.dtors)
 *(.init0)
 .init0         0x0000000000000db8        0x0 /usr/local/Cellar/avr-gcc@8/8.4.0/lib/avr-gcc/8/gcc/avr/8.4.0/../../../../../../avr/lib/avr5/crtatmega32u4.o
                0x0000000000000db8                __init
 *(.init0)
 *(.init1)
 *(.init1)
 *(.init2)
 .init2         0x0000000000000db8        0xc /usr/local/Cellar/avr-gcc@8/8.4.0/lib/avr-gcc/8/gcc/avr/8.4.0/../../../../../../avr/lib/avr5/crtatmega32u4.o
 *(.init2)
 *(.init3)
 .init3         0x0000000000000dc4       0x54 .build/obj_kb_default/common/avr/bootloader.o
                0x0000000000000dc4                bootloader_jump_after_watchdog_reset
 *(.init3)
 *(.init4)
 .init4         0x0000000000000e18       0x16 /usr/local/Cellar/avr-gcc@8/8.4.0/lib/avr-gcc/8/gcc/avr/8.4.0/avr5/libgcc.a(_copy_data.o)
                0x0000000000000e18                __do_copy_data
 .init4         0x0000000000000e2e       0x10 /usr/local/Cellar/avr-gcc@8/8.4.0/lib/avr-gcc/8/gcc/avr/8.4.0/avr5/libgcc.a(_clear_bss.o)
                0x0000000000000e2e                __do_clear_bss
 *(.init4)
 *(.init5)
 *(.init5)
 *(.init6)
 *(.init6)
 *(.init7)
 *(.init7)
 *(.init8)
 *(.init8)
 *(.init9)
 .init9         0x0000000000000e3e        0x8 /usr/local/Cellar/avr-gcc@8/8.4.0/lib/avr-gcc/8/gcc/avr/8.4.0/../../../../../../avr/lib/avr5/crtatmega32u4.o
 *(.init9)
 *(.text)
 .text          0x0000000000000e46        0x4 /usr/local/Cellar/avr-gcc@8/8.4.0/lib/avr-gcc/8/gcc/avr/8.4.0/../../../../../../avr/lib/avr5/crtatmega32u4.o
                0x0000000000000e46                __vector_42
                0x0000000000000e46                __vector_22
                0x0000000000000e46                __vector_28
                0x0000000000000e46                __vector_1
                0x0000000000000e46                __vector_32
                0x0000000000000e46                __vector_34
                0x0000000000000e46                __vector_24
                0x0000000000000e46                __bad_interrupt
                0x0000000000000e46                __vector_6
                0x0000000000000e46                __vector_31
                0x0000000000000e46                __vector_35
                0x0000000000000e46                __vector_39
                0x0000000000000e46                __vector_3
                0x0000000000000e46                __vector_23
                0x0000000000000e46                __vector_30
                0x0000000000000e46                __vector_25
                0x0000000000000e46                __vector_13
                0x0000000000000e46                __vector_17
                0x0000000000000e46                __vector_19
                0x0000000000000e46                __vector_7
                0x0000000000000e46                __vector_41
                0x0000000000000e46                __vector_27
                0x0000000000000e46                __vector_5
                0x0000000000000e46                __vector_33
                0x0000000000000e46                __vector_37
                0x0000000000000e46                __vector_4
                0x0000000000000e46                __vector_9
                0x0000000000000e46                __vector_2
                0x0000000000000e46                __vector_15
                0x0000000000000e46                __vector_36
                0x0000000000000e46                __vector_29
                0x0000000000000e46                __vector_40
                0x0000000000000e46                __vector_8
                0x0000000000000e46                __vector_26
                0x0000000000000e46                __vector_14
                0x0000000000000e46                __vector_16
                0x0000000000000e46                __vector_18
                0x0000000000000e46                __vector_20
                0x0000000000000e46                __vector_38
                0x0000000000000e4a                . = ALIGN (0x2)
 *(.text.*)
 .text.action_get_macro
                0x0000000000000e4a        0x6 .build/obj_kb_default/keyboards/kb/keymaps/default/keymap.o
                0x0000000000000e4a                action_get_macro
 .text.matrix_init_user
                0x0000000000000e50        0x2 .build/obj_kb_default/keyboards/kb/keymaps/default/keymap.o
                0x0000000000000e50                matrix_init_user
 .text.matrix_scan_user
                0x0000000000000e52        0x2 .build/obj_kb_default/keyboards/kb/keymaps/default/keymap.o
                0x0000000000000e52                matrix_scan_user
 .text.process_record_user
                0x0000000000000e54        0x4 .build/obj_kb_default/keyboards/kb/keymaps/default/keymap.o
                0x0000000000000e54                process_record_user
 .text.led_set_user
                0x0000000000000e58        0x2 .build/obj_kb_default/keyboards/kb/keymaps/default/keymap.o
                0x0000000000000e58                led_set_user
 .text.process_action_kb
                0x0000000000000e5a        0x4 .build/obj_kb_default/quantum/quantum.o
                0x0000000000000e5a                process_action_kb
 .text.process_record_kb
                0x0000000000000e5e        0x4 .build/obj_kb_default/quantum/quantum.o
                0x0000000000000e5e                process_record_kb
 .text.reset_keyboard
                0x0000000000000e62       0x1a .build/obj_kb_default/quantum/quantum.o
                0x0000000000000e62                reset_keyboard
 .text.process_record_quantum
                0x0000000000000e7c      0x266 .build/obj_kb_default/quantum/quantum.o
                0x0000000000000e7c                process_record_quantum
 .text.matrix_init_quantum
                0x00000000000010e2        0x4 .build/obj_kb_default/quantum/quantum.o
                0x00000000000010e2                matrix_init_quantum
 .text.matrix_scan_quantum
                0x00000000000010e6        0x4 .build/obj_kb_default/quantum/quantum.o
                0x00000000000010e6                matrix_scan_quantum
 .text.led_set_kb
                0x00000000000010ea        0x4 .build/obj_kb_default/quantum/quantum.o
                0x00000000000010ea                led_set_kb
 .text.led_set  0x00000000000010ee        0x4 .build/obj_kb_default/quantum/quantum.o
                0x00000000000010ee                led_set
 .text.action_function
                0x00000000000010f2        0x2 .build/obj_kb_default/quantum/keymap_common.o
                0x00000000000010f2                action_function
 .text.keymap_key_to_keycode
                0x00000000000010f4       0x28 .build/obj_kb_default/quantum/keymap_common.o
                0x00000000000010f4                keymap_key_to_keycode
 .text.keymap_function_id_to_action
                0x000000000000111c       0x10 .build/obj_kb_default/quantum/keymap_common.o
                0x000000000000111c                keymap_function_id_to_action
 .text.action_for_key
                0x000000000000112c      0x2e8 .build/obj_kb_default/quantum/keymap_common.o
                0x000000000000112c                action_for_key
 .text.keycode_config
                0x0000000000001414       0xf6 .build/obj_kb_default/quantum/keycode_config.o
                0x0000000000001414                keycode_config
 .text.leader_start
                0x000000000000150a        0x2 .build/obj_kb_default/quantum/process_keycode/process_leader.o
                0x000000000000150a                leader_start
 .text.process_leader
                0x000000000000150c       0x9e .build/obj_kb_default/quantum/process_keycode/process_leader.o
                0x000000000000150c                process_leader
 .text.matrix_init_kb
                0x00000000000015aa        0x4 .build/obj_kb_default/quantum/matrix.o
                0x00000000000015aa                matrix_init_kb
 .text.matrix_scan_kb
                0x00000000000015ae        0x4 .build/obj_kb_default/quantum/matrix.o
                0x00000000000015ae                matrix_scan_kb
 .text.matrix_init
                0x00000000000015b2       0x96 .build/obj_kb_default/quantum/matrix.o
                0x00000000000015b2                matrix_init
 .text.matrix_scan
                0x0000000000001648      0x16a .build/obj_kb_default/quantum/matrix.o
                0x0000000000001648                matrix_scan
 .text.matrix_get_row
                0x00000000000017b2       0x12 .build/obj_kb_default/quantum/matrix.o
                0x00000000000017b2                matrix_get_row
 .text.matrix_print
                0x00000000000017c4        0x2 .build/obj_kb_default/quantum/matrix.o
                0x00000000000017c4                matrix_print
 .text.hex_to_keycode
                0x00000000000017c6       0x18 .build/obj_kb_default/quantum/process_keycode/process_unicode.o
                0x00000000000017c6                hex_to_keycode
 .text.unicode_input_start
                0x00000000000017de       0xf0 .build/obj_kb_default/quantum/process_keycode/process_unicode.o
                0x00000000000017de                unicode_input_start
 .text.unicode_input_finish
                0x00000000000018ce       0x94 .build/obj_kb_default/quantum/process_keycode/process_unicode.o
                0x00000000000018ce                unicode_input_finish
 .text.register_hex
                0x0000000000001962       0x4c .build/obj_kb_default/quantum/process_keycode/process_unicode.o
                0x0000000000001962                register_hex
 .text.process_unicode
                0x00000000000019ae       0x2e .build/obj_kb_default/quantum/process_keycode/process_unicode.o
                0x00000000000019ae                process_unicode
 .text.host_set_driver
                0x00000000000019dc        0xa .build/obj_kb_default/common/host.o
                0x00000000000019dc                host_set_driver
 .text.host_keyboard_leds
                0x00000000000019e6       0x18 .build/obj_kb_default/common/host.o
                0x00000000000019e6                host_keyboard_leds
 .text.host_keyboard_send
                0x00000000000019fe       0x16 .build/obj_kb_default/common/host.o
                0x00000000000019fe                host_keyboard_send
 .text.host_mouse_send
                0x0000000000001a14       0x16 .build/obj_kb_default/common/host.o
                0x0000000000001a14                host_mouse_send
 .text.host_system_send
                0x0000000000001a2a       0x2c .build/obj_kb_default/common/host.o
                0x0000000000001a2a                host_system_send
 .text.host_consumer_send
                0x0000000000001a56       0x2c .build/obj_kb_default/common/host.o
                0x0000000000001a56                host_consumer_send
 .text.matrix_setup
                0x0000000000001a82        0x2 .build/obj_kb_default/common/keyboard.o
                0x0000000000001a82                matrix_setup
 .text.keyboard_setup
                0x0000000000001a84        0x4 .build/obj_kb_default/common/keyboard.o
                0x0000000000001a84                keyboard_setup
 .text.keyboard_init
                0x0000000000001a88        0xc .build/obj_kb_default/common/keyboard.o
                0x0000000000001a88                keyboard_init
 .text.keyboard_task
                0x0000000000001a94      0x16a .build/obj_kb_default/common/keyboard.o
                0x0000000000001a94                keyboard_task
 .text.action_exec
                0x0000000000001bfe       0x54 .build/obj_kb_default/common/action.o
                0x0000000000001bfe                action_exec
 .text.register_code
                0x0000000000001c52      0x1b8 .build/obj_kb_default/common/action.o
                0x0000000000001c52                register_code
 .text.unregister_code
                0x0000000000001e0a       0x9e .build/obj_kb_default/common/action.o
                0x0000000000001e0a                unregister_code
 .text.register_mods
                0x0000000000001ea8        0xe .build/obj_kb_default/common/action.o
                0x0000000000001ea8                register_mods
 .text.unregister_mods
                0x0000000000001eb6        0xe .build/obj_kb_default/common/action.o
                0x0000000000001eb6                unregister_mods
 .text.process_action
                0x0000000000001ec4      0x3fc .build/obj_kb_default/common/action.o
                0x0000000000001ec4                process_action
 .text.process_record
                0x00000000000022c0       0x54 .build/obj_kb_default/common/action.o
                0x00000000000022c0                process_record
 .text.clear_keyboard_but_mods
                0x0000000000002314       0x28 .build/obj_kb_default/common/action.o
                0x0000000000002314                clear_keyboard_but_mods
 .text.clear_keyboard
                0x000000000000233c        0x8 .build/obj_kb_default/common/action.o
                0x000000000000233c                clear_keyboard
 .text.is_tap_key
                0x0000000000002344       0x42 .build/obj_kb_default/common/action.o
                0x0000000000002344                is_tap_key
 .text.debug_event
                0x0000000000002386       0x1e .build/obj_kb_default/common/action.o
                0x0000000000002386                debug_event
 .text.debug_record
                0x00000000000023a4       0x20 .build/obj_kb_default/common/action.o
                0x00000000000023a4                debug_record
 .text.debug_waiting_buffer
                0x00000000000023c4       0x42 .build/obj_kb_default/common/action_tapping.o
 .text.debug_tapping_key
                0x0000000000002406       0x1c .build/obj_kb_default/common/action_tapping.o
 .text.waiting_buffer_scan_tap
                0x0000000000002422       0xc8 .build/obj_kb_default/common/action_tapping.o
 .text.process_tapping
                0x00000000000024ea      0x372 .build/obj_kb_default/common/action_tapping.o
 .text.action_tapping_process
                0x000000000000285c      0x134 .build/obj_kb_default/common/action_tapping.o
                0x000000000000285c                action_tapping_process
 .text.action_macro_play
                0x0000000000002990       0xf0 .build/obj_kb_default/common/action_macro.o
                0x0000000000002990                action_macro_play
 .text.default_layer_debug
                0x0000000000002a80        0x2 .build/obj_kb_default/common/action_layer.o
                0x0000000000002a80                default_layer_debug
 .text.default_layer_set
                0x0000000000002a82       0x14 .build/obj_kb_default/common/action_layer.o
                0x0000000000002a82                default_layer_set
 .text.default_layer_or
                0x0000000000002a96       0x38 .build/obj_kb_default/common/action_layer.o
                0x0000000000002a96                default_layer_or
 .text.default_layer_and
                0x0000000000002ace       0x38 .build/obj_kb_default/common/action_layer.o
                0x0000000000002ace                default_layer_and
 .text.default_layer_xor
                0x0000000000002b06       0x38 .build/obj_kb_default/common/action_layer.o
                0x0000000000002b06                default_layer_xor
 .text.layer_clear
                0x0000000000002b3e       0x14 .build/obj_kb_default/common/action_layer.o
                0x0000000000002b3e                layer_clear
 .text.layer_move
                0x0000000000002b52       0x2a .build/obj_kb_default/common/action_layer.o
                0x0000000000002b52                layer_move
 .text.layer_on
                0x0000000000002b7c       0x42 .build/obj_kb_default/common/action_layer.o
                0x0000000000002b7c                layer_on
 .text.layer_off
                0x0000000000002bbe       0x4a .build/obj_kb_default/common/action_layer.o
                0x0000000000002bbe                layer_off
 .text.layer_invert
                0x0000000000002c08       0x42 .build/obj_kb_default/common/action_layer.o
                0x0000000000002c08                layer_invert
 .text.layer_or
                0x0000000000002c4a       0x38 .build/obj_kb_default/common/action_layer.o
                0x0000000000002c4a                layer_or
 .text.layer_and
                0x0000000000002c82       0x38 .build/obj_kb_default/common/action_layer.o
                0x0000000000002c82                layer_and
 .text.layer_xor
                0x0000000000002cba       0x38 .build/obj_kb_default/common/action_layer.o
                0x0000000000002cba                layer_xor
 .text.layer_debug
                0x0000000000002cf2        0x2 .build/obj_kb_default/common/action_layer.o
                0x0000000000002cf2                layer_debug
 .text.update_source_layers_cache
                0x0000000000002cf4       0x58 .build/obj_kb_default/common/action_layer.o
                0x0000000000002cf4                update_source_layers_cache
 .text.read_source_layers_cache
                0x0000000000002d4c       0x50 .build/obj_kb_default/common/action_layer.o
                0x0000000000002d4c                read_source_layers_cache
 .text.layer_switch_get_layer
                0x0000000000002d9c       0x84 .build/obj_kb_default/common/action_layer.o
                0x0000000000002d9c                layer_switch_get_layer
 .text.layer_switch_get_action
                0x0000000000002e20       0x14 .build/obj_kb_default/common/action_layer.o
                0x0000000000002e20                layer_switch_get_action
 .text.store_or_get_action
                0x0000000000002e34       0x48 .build/obj_kb_default/common/action_layer.o
                0x0000000000002e34                store_or_get_action
 .text.get_oneshot_layer
                0x0000000000002e7c        0xc .build/obj_kb_default/common/action_util.o
                0x0000000000002e7c                get_oneshot_layer
 .text.get_oneshot_layer_state
                0x0000000000002e88        0x8 .build/obj_kb_default/common/action_util.o
                0x0000000000002e88                get_oneshot_layer_state
 .text.set_oneshot_layer
                0x0000000000002e90       0x12 .build/obj_kb_default/common/action_util.o
                0x0000000000002e90                set_oneshot_layer
 .text.clear_oneshot_layer_state
                0x0000000000002ea2       0x2c .build/obj_kb_default/common/action_util.o
                0x0000000000002ea2                clear_oneshot_layer_state
 .text.is_oneshot_layer_active
                0x0000000000002ece        0xe .build/obj_kb_default/common/action_util.o
                0x0000000000002ece                is_oneshot_layer_active
 .text.add_key  0x0000000000002edc       0x7a .build/obj_kb_default/common/action_util.o
                0x0000000000002edc                add_key
 .text.del_key  0x0000000000002f56       0x68 .build/obj_kb_default/common/action_util.o
                0x0000000000002f56                del_key
 .text.clear_keys
                0x0000000000002fbe       0x1c .build/obj_kb_default/common/action_util.o
                0x0000000000002fbe                clear_keys
 .text.add_mods
                0x0000000000002fda        0xc .build/obj_kb_default/common/action_util.o
                0x0000000000002fda                add_mods
 .text.del_mods
                0x0000000000002fe6        0xe .build/obj_kb_default/common/action_util.o
                0x0000000000002fe6                del_mods
 .text.clear_mods
                0x0000000000002ff4        0x6 .build/obj_kb_default/common/action_util.o
                0x0000000000002ff4                clear_mods
 .text.add_weak_mods
                0x0000000000002ffa        0xc .build/obj_kb_default/common/action_util.o
                0x0000000000002ffa                add_weak_mods
 .text.del_weak_mods
                0x0000000000003006        0xe .build/obj_kb_default/common/action_util.o
                0x0000000000003006                del_weak_mods
 .text.clear_weak_mods
                0x0000000000003014        0x6 .build/obj_kb_default/common/action_util.o
                0x0000000000003014                clear_weak_mods
 .text.add_macro_mods
                0x000000000000301a        0xc .build/obj_kb_default/common/action_util.o
                0x000000000000301a                add_macro_mods
 .text.del_macro_mods
                0x0000000000003026        0xe .build/obj_kb_default/common/action_util.o
                0x0000000000003026                del_macro_mods
 .text.clear_macro_mods
                0x0000000000003034        0x6 .build/obj_kb_default/common/action_util.o
                0x0000000000003034                clear_macro_mods
 .text.set_oneshot_mods
                0x000000000000303a        0x6 .build/obj_kb_default/common/action_util.o
                0x000000000000303a                set_oneshot_mods
 .text.clear_oneshot_mods
                0x0000000000003040        0x6 .build/obj_kb_default/common/action_util.o
                0x0000000000003040                clear_oneshot_mods
 .text.has_anykey
                0x0000000000003046       0x20 .build/obj_kb_default/common/action_util.o
                0x0000000000003046                has_anykey
 .text.send_keyboard_report
                0x0000000000003066       0x5e .build/obj_kb_default/common/action_util.o
                0x0000000000003066                send_keyboard_report
 .text.eeconfig_init
                0x00000000000030c4       0x34 .build/obj_kb_default/common/eeconfig.o
                0x00000000000030c4                eeconfig_init
 .text.eeconfig_is_enabled
                0x00000000000030f8       0x16 .build/obj_kb_default/common/eeconfig.o
                0x00000000000030f8                eeconfig_is_enabled
 .text.eeconfig_read_debug
                0x000000000000310e        0x8 .build/obj_kb_default/common/eeconfig.o
                0x000000000000310e                eeconfig_read_debug
 .text.eeconfig_update_debug
                0x0000000000003116        0xa .build/obj_kb_default/common/eeconfig.o
                0x0000000000003116                eeconfig_update_debug
 .text.eeconfig_read_default_layer
                0x0000000000003120        0x8 .build/obj_kb_default/common/eeconfig.o
                0x0000000000003120                eeconfig_read_default_layer
 .text.eeconfig_update_default_layer
                0x0000000000003128        0xa .build/obj_kb_default/common/eeconfig.o
                0x0000000000003128                eeconfig_update_default_layer
 .text.eeconfig_read_keymap
                0x0000000000003132        0x8 .build/obj_kb_default/common/eeconfig.o
                0x0000000000003132                eeconfig_read_keymap
 .text.eeconfig_update_keymap
                0x000000000000313a        0xa .build/obj_kb_default/common/eeconfig.o
                0x000000000000313a                eeconfig_update_keymap
 .text.suspend_power_down
                0x0000000000003144       0x58 .build/obj_kb_default/common/avr/suspend.o
                0x0000000000003144                suspend_power_down
 .text.matrix_power_up
                0x000000000000319c        0x2 .build/obj_kb_default/common/avr/suspend.o
                0x000000000000319c                matrix_power_up
 .text.matrix_power_down
                0x000000000000319e        0x2 .build/obj_kb_default/common/avr/suspend.o
                0x000000000000319e                matrix_power_down
 .text.suspend_wakeup_condition
                0x00000000000031a0       0x2a .build/obj_kb_default/common/avr/suspend.o
                0x00000000000031a0                suspend_wakeup_condition
 .text.suspend_wakeup_init
                0x00000000000031ca        0xc .build/obj_kb_default/common/avr/suspend.o
                0x00000000000031ca                suspend_wakeup_init
 .text.__vector_12
                0x00000000000031d6       0x4e .build/obj_kb_default/common/avr/suspend.o
                0x00000000000031d6                __vector_12
 .text.timer_init
                0x0000000000003224       0x12 .build/obj_kb_default/common/avr/timer.o
                0x0000000000003224                timer_init
 .text.timer_read
                0x0000000000003236       0x18 .build/obj_kb_default/common/avr/timer.o
                0x0000000000003236                timer_read
 .text.timer_elapsed
                0x000000000000324e       0x54 .build/obj_kb_default/common/avr/timer.o
                0x000000000000324e                timer_elapsed
 .text.__vector_21
                0x00000000000032a2       0x46 .build/obj_kb_default/common/avr/timer.o
                0x00000000000032a2                __vector_21
 .text.bootloader_jump
                0x00000000000032e8       0x44 .build/obj_kb_default/common/avr/bootloader.o
                0x00000000000032e8                bootloader_jump
 .text.scan_keycode
                0x000000000000332c       0x7a .build/obj_kb_default/common/bootmagic.o
 .text.bootmagic_scan_keycode
                0x00000000000033a6       0x1c .build/obj_kb_default/common/bootmagic.o
                0x00000000000033a6                bootmagic_scan_keycode
 .text.bootmagic
                0x00000000000033c2      0x212 .build/obj_kb_default/common/bootmagic.o
                0x00000000000033c2                bootmagic
 .text.move_unit
                0x00000000000035d4       0x94 .build/obj_kb_default/common/mousekey.o
 .text.wheel_unit
                0x0000000000003668       0x72 .build/obj_kb_default/common/mousekey.o
 .text.mousekey_on
                0x00000000000036da       0xd0 .build/obj_kb_default/common/mousekey.o
                0x00000000000036da                mousekey_on
 .text.mousekey_off
                0x00000000000037aa       0xfe .build/obj_kb_default/common/mousekey.o
                0x00000000000037aa                mousekey_off
 .text.mousekey_send
                0x00000000000038a8       0x16 .build/obj_kb_default/common/mousekey.o
                0x00000000000038a8                mousekey_send
 .text.mousekey_task
                0x00000000000038be      0x142 .build/obj_kb_default/common/mousekey.o
                0x00000000000038be                mousekey_task
 .text.mousekey_clear
                0x0000000000003a00       0x18 .build/obj_kb_default/common/mousekey.o
                0x0000000000003a00                mousekey_clear
 .text.keyboard_leds
                0x0000000000003a18        0x6 .build/obj_kb_default/lufa.o
 .text.send_consumer
                0x0000000000003a1e       0x68 .build/obj_kb_default/lufa.o
 .text.send_system
                0x0000000000003a86       0x6c .build/obj_kb_default/lufa.o
 .text.send_mouse
                0x0000000000003af2       0x4a .build/obj_kb_default/lufa.o
 .text.send_keyboard
                0x0000000000003b3c       0xa0 .build/obj_kb_default/lufa.o
 .text.EVENT_USB_Device_Connect
                0x0000000000003bdc       0x1c .build/obj_kb_default/lufa.o
                0x0000000000003bdc                EVENT_USB_Device_Connect
 .text.EVENT_USB_Device_Disconnect
                0x0000000000003bf8        0x6 .build/obj_kb_default/lufa.o
                0x0000000000003bf8                EVENT_USB_Device_Disconnect
 .text.EVENT_USB_Device_Reset
                0x0000000000003bfe        0x2 .build/obj_kb_default/lufa.o
                0x0000000000003bfe                EVENT_USB_Device_Reset
 .text.EVENT_USB_Device_Suspend
                0x0000000000003c00        0x2 .build/obj_kb_default/lufa.o
                0x0000000000003c00                EVENT_USB_Device_Suspend
 .text.EVENT_USB_Device_WakeUp
                0x0000000000003c02        0x4 .build/obj_kb_default/lufa.o
                0x0000000000003c02                EVENT_USB_Device_WakeUp
 .text.EVENT_USB_Device_ConfigurationChanged
                0x0000000000003c06       0x28 .build/obj_kb_default/lufa.o
                0x0000000000003c06                EVENT_USB_Device_ConfigurationChanged
 .text.EVENT_USB_Device_ControlRequest
                0x0000000000003c2e      0x15a .build/obj_kb_default/lufa.o
                0x0000000000003c2e                EVENT_USB_Device_ControlRequest
 .text.startup.main
                0x0000000000003d88       0x76 .build/obj_kb_default/lufa.o
                0x0000000000003d88                main
 .text.CALLBACK_USB_GetDescriptor
                0x0000000000003dfe       0xae .build/obj_kb_default/descriptor.o
                0x0000000000003dfe                CALLBACK_USB_GetDescriptor
 .text.USB_Device_SendRemoteWakeup
                0x0000000000003eac       0x2c .build/obj_kb_default/protocol/lufa/LUFA-git/LUFA/Drivers/USB/Core/AVR8/Device_AVR8.o
                0x0000000000003eac                USB_Device_SendRemoteWakeup
 .text.Endpoint_Write_Stream_LE
                0x0000000000003ed8       0x9e .build/obj_kb_default/protocol/lufa/LUFA-git/LUFA/Drivers/USB/Core/AVR8/EndpointStream_AVR8.o
                0x0000000000003ed8                Endpoint_Write_Stream_LE
 .text.Endpoint_Write_Control_Stream_LE
                0x0000000000003f76       0xbc .build/obj_kb_default/protocol/lufa/LUFA-git/LUFA/Drivers/USB/Core/AVR8/EndpointStream_AVR8.o
                0x0000000000003f76                Endpoint_Write_Control_Stream_LE
 .text.Endpoint_Write_Control_PStream_LE
                0x0000000000004032       0xbe .build/obj_kb_default/protocol/lufa/LUFA-git/LUFA/Drivers/USB/Core/AVR8/EndpointStream_AVR8.o
                0x0000000000004032                Endpoint_Write_Control_PStream_LE
 .text.Endpoint_ConfigureEndpoint_Prv
                0x00000000000040f0       0x68 .build/obj_kb_default/protocol/lufa/LUFA-git/LUFA/Drivers/USB/Core/AVR8/Endpoint_AVR8.o
                0x00000000000040f0                Endpoint_ConfigureEndpoint_Prv
 .text.Endpoint_ClearStatusStage
                0x0000000000004158       0x3e .build/obj_kb_default/protocol/lufa/LUFA-git/LUFA/Drivers/USB/Core/AVR8/Endpoint_AVR8.o
                0x0000000000004158                Endpoint_ClearStatusStage
 .text.Endpoint_WaitUntilReady
                0x0000000000004196       0x62 .build/obj_kb_default/protocol/lufa/LUFA-git/LUFA/Drivers/USB/Core/AVR8/Endpoint_AVR8.o
                0x0000000000004196                Endpoint_WaitUntilReady
 .text.USB_Disable
                0x00000000000041f8       0x34 .build/obj_kb_default/protocol/lufa/LUFA-git/LUFA/Drivers/USB/Core/AVR8/USBController_AVR8.o
                0x00000000000041f8                USB_Disable
 .text.USB_ResetInterface
                0x000000000000422c       0x86 .build/obj_kb_default/protocol/lufa/LUFA-git/LUFA/Drivers/USB/Core/AVR8/USBController_AVR8.o
                0x000000000000422c                USB_ResetInterface
 .text.USB_Init
                0x00000000000042b2       0x22 .build/obj_kb_default/protocol/lufa/LUFA-git/LUFA/Drivers/USB/Core/AVR8/USBController_AVR8.o
                0x00000000000042b2                USB_Init
 .text.USB_INT_DisableAllInterrupts
                0x00000000000042d4       0x10 .build/obj_kb_default/protocol/lufa/LUFA-git/LUFA/Drivers/USB/Core/AVR8/USBInterrupt_AVR8.o
                0x00000000000042d4                USB_INT_DisableAllInterrupts
 .text.USB_INT_ClearAllInterrupts
                0x00000000000042e4        0xa .build/obj_kb_default/protocol/lufa/LUFA-git/LUFA/Drivers/USB/Core/AVR8/USBInterrupt_AVR8.o
                0x00000000000042e4                USB_INT_ClearAllInterrupts
 .text.__vector_10
                0x00000000000042ee      0x1a8 .build/obj_kb_default/protocol/lufa/LUFA-git/LUFA/Drivers/USB/Core/AVR8/USBInterrupt_AVR8.o
                0x00000000000042ee                __vector_10
 .text.__vector_11
                0x0000000000004496       0x88 .build/obj_kb_default/protocol/lufa/LUFA-git/LUFA/Drivers/USB/Core/AVR8/USBInterrupt_AVR8.o
                0x0000000000004496                __vector_11
 .text.USB_Device_ProcessControlRequest
                0x000000000000451e      0x294 .build/obj_kb_default/protocol/lufa/LUFA-git/LUFA/Drivers/USB/Core/DeviceStandardReq.o
                0x000000000000451e                USB_Device_ProcessControlRequest
 .text.USB_Event_Stub
                0x00000000000047b2        0x2 .build/obj_kb_default/protocol/lufa/LUFA-git/LUFA/Drivers/USB/Core/Events.o
                0x00000000000047b2                USB_Event_Stub
                0x00000000000047b2                EVENT_USB_Device_StartOfFrame
 .text.USB_USBTask
                0x00000000000047b4       0x36 .build/obj_kb_default/protocol/lufa/LUFA-git/LUFA/Drivers/USB/Core/USBTask.o
                0x00000000000047b4                USB_USBTask
 .text.avr-libc.fplib
                0x00000000000047ea        0xe /usr/local/Cellar/avr-gcc@8/8.4.0/lib/avr-gcc/8/gcc/avr/8.4.0/../../../../../../avr/lib/avr5/libm.a(fixsfsi.o)
                0x00000000000047ea                __fixsfsi
 .text.avr-libc.fplib
                0x00000000000047f8       0x5e /usr/local/Cellar/avr-gcc@8/8.4.0/lib/avr-gcc/8/gcc/avr/8.4.0/../../../../../../avr/lib/avr5/libm.a(fixunssfsi.o)
                0x00000000000047f8                __fixunssfsi
 .text.avr-libc.fplib
                0x0000000000004856       0x7a /usr/local/Cellar/avr-gcc@8/8.4.0/lib/avr-gcc/8/gcc/avr/8.4.0/../../../../../../avr/lib/avr5/libm.a(floatsisf.o)
                0x0000000000004856                __floatunsisf
                0x000000000000485a                __floatsisf
 .text.avr-libc.fplib
                0x00000000000048d0       0x44 /usr/local/Cellar/avr-gcc@8/8.4.0/lib/avr-gcc/8/gcc/avr/8.4.0/../../../../../../avr/lib/avr5/libm.a(fp_split3.o)
                0x00000000000048d0                __fp_split3
                0x00000000000048e0                __fp_splitA
 .text.avr-libc.fplib
                0x0000000000004914        0xe /usr/local/Cellar/avr-gcc@8/8.4.0/lib/avr-gcc/8/gcc/avr/8.4.0/../../../../../../avr/lib/avr5/libm.a(fp_zero.o)
                0x0000000000004914                __fp_zero
                0x0000000000004916                __fp_szero
 .text.avr-libc.fplib
                0x0000000000004922        0x8 /usr/local/Cellar/avr-gcc@8/8.4.0/lib/avr-gcc/8/gcc/avr/8.4.0/../../../../../../avr/lib/avr5/libm.a(mulsf3.o)
                0x0000000000004922                __mulsf3
 .text.avr-libc.fplib
                0x000000000000492a       0xd2 /usr/local/Cellar/avr-gcc@8/8.4.0/lib/avr-gcc/8/gcc/avr/8.4.0/../../../../../../avr/lib/avr5/libm.a(mulsf3x.o)
                0x0000000000004948                __mulsf3x
                0x000000000000494e                __mulsf3_pse
 .text.avr-libc.fplib
                0x00000000000049fc        0xc /usr/local/Cellar/avr-gcc@8/8.4.0/lib/avr-gcc/8/gcc/avr/8.4.0/../../../../../../avr/lib/avr5/libm.a(fp_inf.o)
                0x00000000000049fc                __fp_inf
 .text.avr-libc.fplib
                0x0000000000004a08        0x6 /usr/local/Cellar/avr-gcc@8/8.4.0/lib/avr-gcc/8/gcc/avr/8.4.0/../../../../../../avr/lib/avr5/libm.a(fp_nan.o)
                0x0000000000004a08                __fp_nan
 .text.avr-libc.fplib
                0x0000000000004a0e        0xe /usr/local/Cellar/avr-gcc@8/8.4.0/lib/avr-gcc/8/gcc/avr/8.4.0/../../../../../../avr/lib/avr5/libm.a(fp_pscA.o)
                0x0000000000004a0e                __fp_pscA
 .text.avr-libc.fplib
                0x0000000000004a1c        0xe /usr/local/Cellar/avr-gcc@8/8.4.0/lib/avr-gcc/8/gcc/avr/8.4.0/../../../../../../avr/lib/avr5/libm.a(fp_pscB.o)
                0x0000000000004a1c                __fp_pscB
 .text.avr-libc.fplib
                0x0000000000004a2a       0x22 /usr/local/Cellar/avr-gcc@8/8.4.0/lib/avr-gcc/8/gcc/avr/8.4.0/../../../../../../avr/lib/avr5/libm.a(fp_round.o)
                0x0000000000004a2a                __fp_round
 .text.libgcc.div
                0x0000000000004a4c       0x28 /usr/local/Cellar/avr-gcc@8/8.4.0/lib/avr-gcc/8/gcc/avr/8.4.0/avr5/libgcc.a(_divmodhi4.o)
                0x0000000000004a4c                __divmodhi4
                0x0000000000004a4c                _div
 .text.libgcc   0x0000000000004a74        0xc /usr/local/Cellar/avr-gcc@8/8.4.0/lib/avr-gcc/8/gcc/avr/8.4.0/avr5/libgcc.a(_tablejump2.o)
                0x0000000000004a74                __tablejump2__
 .text.libgcc.div
                0x0000000000004a80       0x28 /usr/local/Cellar/avr-gcc@8/8.4.0/lib/avr-gcc/8/gcc/avr/8.4.0/avr5/libgcc.a(_udivmodhi4.o)
                0x0000000000004a80                __udivmodhi4
 .text.avr-libc
                0x0000000000004aa8       0x10 /usr/local/Cellar/avr-gcc@8/8.4.0/lib/avr-gcc/8/gcc/avr/8.4.0/../../../../../../avr/lib/avr5/libatmega32u4.a(eerd_byte.o)
                0x0000000000004aa8                eeprom_read_byte
 .text.avr-libc
                0x0000000000004ab8        0xc /usr/local/Cellar/avr-gcc@8/8.4.0/lib/avr-gcc/8/gcc/avr/8.4.0/../../../../../../avr/lib/avr5/libatmega32u4.a(eerd_word.o)
                0x0000000000004ab8                eeprom_read_word
 .text.avr-libc
                0x0000000000004ac4       0x24 /usr/local/Cellar/avr-gcc@8/8.4.0/lib/avr-gcc/8/gcc/avr/8.4.0/../../../../../../avr/lib/avr5/libatmega32u4.a(eeupd_byte.o)
                0x0000000000004ac4                eeprom_update_byte
                0x0000000000004ac6                eeprom_update_r18
 .text.avr-libc
                0x0000000000004ae8        0xc /usr/local/Cellar/avr-gcc@8/8.4.0/lib/avr-gcc/8/gcc/avr/8.4.0/../../../../../../avr/lib/avr5/libatmega32u4.a(eeupd_word.o)
                0x0000000000004ae8                eeprom_update_word
 .text.avr-libc
                0x0000000000004af4       0x20 /usr/local/Cellar/avr-gcc@8/8.4.0/lib/avr-gcc/8/gcc/avr/8.4.0/../../../../../../avr/lib/avr5/libatmega32u4.a(eerd_block.o)
                0x0000000000004af4                eeprom_read_block
                0x0000000000004af8                eeprom_read_blraw
                0x0000000000004b14                . = ALIGN (0x2)
 *(.fini9)
 .fini9         0x0000000000004b14        0x0 /usr/local/Cellar/avr-gcc@8/8.4.0/lib/avr-gcc/8/gcc/avr/8.4.0/avr5/libgcc.a(_exit.o)
                0x0000000000004b14                exit
                0x0000000000004b14                _exit
 *(.fini9)
 *(.fini8)
 *(.fini8)
 *(.fini7)
 *(.fini7)
 *(.fini6)
 *(.fini6)
 *(.fini5)
 *(.fini5)
 *(.fini4)
 *(.fini4)
 *(.fini3)
 *(.fini3)
 *(.fini2)
 *(.fini2)
 *(.fini1)
 *(.fini1)
 *(.fini0)
 .fini0         0x0000000000004b14        0x4 /usr/local/Cellar/avr-gcc@8/8.4.0/lib/avr-gcc/8/gcc/avr/8.4.0/avr5/libgcc.a(_exit.o)
 *(.fini0)
 *(.hightext)
 *(.hightext*)
 *(.progmemx.*)
                0x0000000000004b18                . = ALIGN (0x2)
 *(.jumptables)
 *(.jumptables*)
 .jumptables.gcc.process_record_quantum
                0x0000000000004b18       0x24 .build/obj_kb_default/quantum/quantum.o
 .jumptables.gcc.process_action
                0x0000000000004b3c       0x4a .build/obj_kb_default/common/action.o
 .jumptables.gcc.is_tap_key
                0x0000000000004b86       0x1c .build/obj_kb_default/common/action.o
 .jumptables.gcc.USB_Device_ProcessControlRequest
                0x0000000000004ba2       0x14 .build/obj_kb_default/protocol/lufa/LUFA-git/LUFA/Drivers/USB/Core/DeviceStandardReq.o
                0x0000000000004bb6                _etext = .

.data           0x0000000000800100       0x3c load address 0x0000000000004bb6
                0x0000000000800100                PROVIDE (__data_start = .)
 *(.data)
 *(.data*)
 .data.keyboard_report
                0x0000000000800100        0x2 .build/obj_kb_default/common/action_util.o
                0x0000000000800100                keyboard_report
 .data.mk_wheel_time_to_max
                0x0000000000800102        0x1 .build/obj_kb_default/common/mousekey.o
                0x0000000000800102                mk_wheel_time_to_max
 .data.mk_wheel_max_speed
                0x0000000000800103        0x1 .build/obj_kb_default/common/mousekey.o
                0x0000000000800103                mk_wheel_max_speed
 .data.mk_time_to_max
                0x0000000000800104        0x1 .build/obj_kb_default/common/mousekey.o
                0x0000000000800104                mk_time_to_max
 .data.mk_max_speed
                0x0000000000800105        0x1 .build/obj_kb_default/common/mousekey.o
                0x0000000000800105                mk_max_speed
 .data.mk_interval
                0x0000000000800106        0x1 .build/obj_kb_default/common/mousekey.o
                0x0000000000800106                mk_interval
 .data.mk_delay
                0x0000000000800107        0x1 .build/obj_kb_default/common/mousekey.o
                0x0000000000800107                mk_delay
 .data.lufa_driver
                0x0000000000800108        0xa .build/obj_kb_default/lufa.o
                0x0000000000800108                lufa_driver
 .data.keyboard_protocol
                0x0000000000800112        0x1 .build/obj_kb_default/lufa.o
                0x0000000000800112                keyboard_protocol
 *(.gnu.linkonce.d*)
 *(.rodata)
 *(.rodata*)
 .rodata.col_pins
                0x0000000000800113        0xd .build/obj_kb_default/quantum/matrix.o
 .rodata.row_pins
                0x0000000000800120        0x7 .build/obj_kb_default/quantum/matrix.o
 .rodata.CSWTCH.2
                0x0000000000800127        0x4 .build/obj_kb_default/descriptor.o
 .rodata.CSWTCH.1
                0x000000000080012b        0x8 .build/obj_kb_default/descriptor.o
 .rodata.CSWTCH.0
                0x0000000000800133        0x8 .build/obj_kb_default/descriptor.o
 *(.gnu.linkonce.r*)
                0x000000000080013c                . = ALIGN (0x2)
 *fill*         0x000000000080013b        0x1 
                0x000000000080013c                _edata = .
                0x000000000080013c                PROVIDE (__data_end = .)

.bss            0x000000000080013c      0x12a
                0x000000000080013c                PROVIDE (__bss_start = .)
 *(.bss)
 *(.bss*)
 .bss.scs_timer
                0x000000000080013c        0x2 .build/obj_kb_default/quantum/quantum.o
 .bss.shift_interrupted
                0x000000000080013e        0x2 .build/obj_kb_default/quantum/quantum.o
 .bss.leader_sequence_size
                0x0000000000800140        0x1 .build/obj_kb_default/quantum/process_keycode/process_leader.o
                0x0000000000800140                leader_sequence_size
 .bss.leader_sequence
                0x0000000000800141        0xa .build/obj_kb_default/quantum/process_keycode/process_leader.o
                0x0000000000800141                leader_sequence
 .bss.leader_time
                0x000000000080014b        0x2 .build/obj_kb_default/quantum/process_keycode/process_leader.o
                0x000000000080014b                leader_time
 .bss.leading   0x000000000080014d        0x1 .build/obj_kb_default/quantum/process_keycode/process_leader.o
                0x000000000080014d                leading
 .bss.matrix_debouncing
                0x000000000080014e        0xe .build/obj_kb_default/quantum/matrix.o
 .bss.matrix    0x000000000080015c        0xe .build/obj_kb_default/quantum/matrix.o
 .bss.debouncing
                0x000000000080016a        0x1 .build/obj_kb_default/quantum/matrix.o
 .bss.debouncing_time
                0x000000000080016b        0x2 .build/obj_kb_default/quantum/matrix.o
 .bss.input_mode
                0x000000000080016d        0x1 .build/obj_kb_default/quantum/process_keycode/process_unicode.o
 .bss.last_consumer_report
                0x000000000080016e        0x2 .build/obj_kb_default/common/host.o
 .bss.last_system_report
                0x0000000000800170        0x2 .build/obj_kb_default/common/host.o
 .bss.driver    0x0000000000800172        0x2 .build/obj_kb_default/common/host.o
 .bss.led_status.5008
                0x0000000000800174        0x1 .build/obj_kb_default/common/keyboard.o
 .bss.matrix_prev.5007
                0x0000000000800175        0xe .build/obj_kb_default/common/keyboard.o
 .bss.disable_action_cache
                0x0000000000800183        0x1 .build/obj_kb_default/common/action.o
                0x0000000000800183                disable_action_cache
 .bss.waiting_buffer_tail
                0x0000000000800184        0x1 .build/obj_kb_default/common/action_tapping.o
 .bss.waiting_buffer_head
                0x0000000000800185        0x1 .build/obj_kb_default/common/action_tapping.o
 .bss.waiting_buffer
                0x0000000000800186       0x30 .build/obj_kb_default/common/action_tapping.o
 .bss.tapping_key
                0x00000000008001b6        0x6 .build/obj_kb_default/common/action_tapping.o
 .bss.source_layers_cache
                0x00000000008001bc       0x3c .build/obj_kb_default/common/action_layer.o
                0x00000000008001bc                source_layers_cache
 .bss.layer_state
                0x00000000008001f8        0x4 .build/obj_kb_default/common/action_layer.o
                0x00000000008001f8                layer_state
 .bss.default_layer_state
                0x00000000008001fc        0x4 .build/obj_kb_default/common/action_layer.o
                0x00000000008001fc                default_layer_state
 .bss.oneshot_layer_data
                0x0000000000800200        0x1 .build/obj_kb_default/common/action_util.o
 .bss.oneshot_mods
                0x0000000000800201        0x1 .build/obj_kb_default/common/action_util.o
 .bss.__compound_literal.0
                0x0000000000800202       0x20 .build/obj_kb_default/common/action_util.o
 .bss.macro_mods
                0x0000000000800222        0x1 .build/obj_kb_default/common/action_util.o
 .bss.weak_mods
                0x0000000000800223        0x1 .build/obj_kb_default/common/action_util.o
 .bss.real_mods
                0x0000000000800224        0x1 .build/obj_kb_default/common/action_util.o
 .bss.debug_config
                0x0000000000800225        0x1 .build/obj_kb_default/common/debug.o
                0x0000000000800225                debug_config
 .bss.wdt_timeout
                0x0000000000800226        0x1 .build/obj_kb_default/common/avr/suspend.o
 .bss.last_timer
                0x0000000000800227        0x2 .build/obj_kb_default/common/mousekey.o
 .bss.mousekey_accel
                0x0000000000800229        0x1 .build/obj_kb_default/common/mousekey.o
 .bss.mousekey_repeat
                0x000000000080022a        0x1 .build/obj_kb_default/common/mousekey.o
 .bss.mouse_report
                0x000000000080022b        0x5 .build/obj_kb_default/common/mousekey.o
 .bss.keyboard_report_sent
                0x0000000000800230       0x20 .build/obj_kb_default/lufa.o
 .bss.keyboard_led_stats
                0x0000000000800250        0x1 .build/obj_kb_default/lufa.o
 .bss.keyboard_idle
                0x0000000000800251        0x1 .build/obj_kb_default/lufa.o
                0x0000000000800251                keyboard_idle
 *(COMMON)
 COMMON         0x0000000000800252        0x1 .build/obj_kb_default/quantum/process_keycode/process_unicode.o
                0x0000000000800252                mods
 COMMON         0x0000000000800253        0x4 .build/obj_kb_default/common/avr/timer.o
                0x0000000000800253                timer_count
 COMMON         0x0000000000800257        0x2 .build/obj_kb_default/common/bootmagic.o
                0x0000000000800257                keymap_config
 COMMON         0x0000000000800259        0x3 .build/obj_kb_default/protocol/lufa/LUFA-git/LUFA/Drivers/USB/Core/DeviceStandardReq.o
                0x0000000000800259                USB_Device_ConfigurationNumber
                0x000000000080025a                USB_Device_CurrentlySelfPowered
                0x000000000080025b                USB_Device_RemoteWakeupEnabled
 COMMON         0x000000000080025c        0xa .build/obj_kb_default/protocol/lufa/LUFA-git/LUFA/Drivers/USB/Core/USBTask.o
                0x000000000080025c                USB_IsInitialized
                0x000000000080025d                USB_DeviceState
                0x000000000080025e                USB_ControlRequest
                0x0000000000800266                PROVIDE (__bss_end = .)
                0x0000000000004bb6                __data_load_start = LOADADDR (.data)
                0x0000000000004bf2                __data_load_end = (__data_load_start + SIZEOF (.data))

.noinit         0x0000000000800266        0x4
                [!provide]                        PROVIDE (__noinit_start = .)
 *(.noinit*)
 .noinit        0x0000000000800266        0x4 .build/obj_kb_default/common/avr/bootloader.o
                0x0000000000800266                reset_key
                [!provide]                        PROVIDE (__noinit_end = .)
                0x000000000080026a                _end = .
                [!provide]                        PROVIDE (__heap_start = .)

.eeprom         0x0000000000810000        0x0
 *(.eeprom*)
                0x0000000000810000                __eeprom_end = .

.fuse
 *(.fuse)
 *(.lfuse)
 *(.hfuse)
 *(.efuse)

.lock
 *(.lock*)

.signature
 *(.signature*)

.stab
 *(.stab)

.stabstr        0x0000000000000000       0x9c
 *(.stabstr)
 .stabstr       0x0000000000000000       0x9c .build/obj_kb_default/common/avr/xprintf.o

.stab.excl
 *(.stab.excl)

.stab.exclstr
 *(.stab.exclstr)

.stab.index
 *(.stab.index)

.stab.indexstr
 *(.stab.indexstr)

.comment        0x0000000000000000       0x24
 *(.comment)
 .comment       0x0000000000000000       0x24 .build/obj_kb_default/keyboards/kb/keymaps/default/keymap.o
                                         0x25 (size before relaxing)
 .comment       0x0000000000000024       0x25 .build/obj_kb_default/quantum/quantum.o
 .comment       0x0000000000000024       0x25 .build/obj_kb_default/quantum/keymap_common.o
 .comment       0x0000000000000024       0x25 .build/obj_kb_default/quantum/keycode_config.o
 .comment       0x0000000000000024       0x25 .build/obj_kb_default/quantum/process_keycode/process_leader.o
 .comment       0x0000000000000024       0x25 .build/obj_kb_default/quantum/matrix.o
 .comment       0x0000000000000024       0x25 .build/obj_kb_default/quantum/process_keycode/process_unicode.o
 .comment       0x0000000000000024       0x25 .build/obj_kb_default/common/host.o
 .comment       0x0000000000000024       0x25 .build/obj_kb_default/common/keyboard.o
 .comment       0x0000000000000024       0x25 .build/obj_kb_default/common/action.o
 .comment       0x0000000000000024       0x25 .build/obj_kb_default/common/action_tapping.o
 .comment       0x0000000000000024       0x25 .build/obj_kb_default/common/action_macro.o
 .comment       0x0000000000000024       0x25 .build/obj_kb_default/common/action_layer.o
 .comment       0x0000000000000024       0x25 .build/obj_kb_default/common/action_util.o
 .comment       0x0000000000000024       0x25 .build/obj_kb_default/common/debug.o
 .comment       0x0000000000000024       0x25 .build/obj_kb_default/common/eeconfig.o
 .comment       0x0000000000000024       0x25 .build/obj_kb_default/common/avr/suspend.o
 .comment       0x0000000000000024       0x25 .build/obj_kb_default/common/avr/timer.o
 .comment       0x0000000000000024       0x25 .build/obj_kb_default/common/avr/bootloader.o
 .comment       0x0000000000000024       0x25 .build/obj_kb_default/common/bootmagic.o
 .comment       0x0000000000000024       0x25 .build/obj_kb_default/common/mousekey.o
 .comment       0x0000000000000024       0x25 .build/obj_kb_default/lufa.o
 .comment       0x0000000000000024       0x25 .build/obj_kb_default/descriptor.o
 .comment       0x0000000000000024       0x25 .build/obj_kb_default/protocol/lufa/LUFA-git/LUFA/Drivers/USB/Core/AVR8/Device_AVR8.o
 .comment       0x0000000000000024       0x25 .build/obj_kb_default/protocol/lufa/LUFA-git/LUFA/Drivers/USB/Core/AVR8/EndpointStream_AVR8.o
 .comment       0x0000000000000024       0x25 .build/obj_kb_default/protocol/lufa/LUFA-git/LUFA/Drivers/USB/Core/AVR8/Endpoint_AVR8.o
 .comment       0x0000000000000024       0x25 .build/obj_kb_default/protocol/lufa/LUFA-git/LUFA/Drivers/USB/Core/AVR8/USBController_AVR8.o
 .comment       0x0000000000000024       0x25 .build/obj_kb_default/protocol/lufa/LUFA-git/LUFA/Drivers/USB/Core/AVR8/USBInterrupt_AVR8.o
 .comment       0x0000000000000024       0x25 .build/obj_kb_default/protocol/lufa/LUFA-git/LUFA/Drivers/USB/Core/DeviceStandardReq.o
 .comment       0x0000000000000024       0x25 .build/obj_kb_default/protocol/lufa/LUFA-git/LUFA/Drivers/USB/Core/Events.o
 .comment       0x0000000000000024       0x25 .build/obj_kb_default/protocol/lufa/LUFA-git/LUFA/Drivers/USB/Core/USBTask.o

.note.gnu.avr.deviceinfo
                0x0000000000000000       0x40
 .note.gnu.avr.deviceinfo
                0x0000000000000000       0x40 /usr/local/Cellar/avr-gcc@8/8.4.0/lib/avr-gcc/8/gcc/avr/8.4.0/../../../../../../avr/lib/avr5/crtatmega32u4.o

.note.gnu.build-id
 *(.note.gnu.build-id)

.debug
 *(.debug)

.line
 *(.line)

.debug_srcinfo
 *(.debug_srcinfo)

.debug_sfnames
 *(.debug_sfnames)

.debug_aranges  0x0000000000000000      0xad0
 *(.debug_aranges)
 .debug_aranges
                0x0000000000000000       0x38 .build/obj_kb_default/keyboards/kb/keymaps/default/keymap.o
 .debug_aranges
                0x0000000000000038       0xc8 .build/obj_kb_default/quantum/quantum.o
 .debug_aranges
                0x0000000000000100       0x40 .build/obj_kb_default/quantum/keymap_common.o
 .debug_aranges
                0x0000000000000140       0x20 .build/obj_kb_default/quantum/keycode_config.o
 .debug_aranges
                0x0000000000000160       0x28 .build/obj_kb_default/quantum/process_keycode/process_leader.o
 .debug_aranges
                0x0000000000000188       0x88 .build/obj_kb_default/quantum/matrix.o
 .debug_aranges
                0x0000000000000210       0x50 .build/obj_kb_default/quantum/process_keycode/process_unicode.o
 .debug_aranges
                0x0000000000000260       0x60 .build/obj_kb_default/common/host.o
 .debug_aranges
                0x00000000000002c0       0x40 .build/obj_kb_default/common/keyboard.o
 .debug_aranges
                0x0000000000000300       0x90 .build/obj_kb_default/common/action.o
 .debug_aranges
                0x0000000000000390       0x40 .build/obj_kb_default/common/action_tapping.o
 .debug_aranges
                0x00000000000003d0       0x20 .build/obj_kb_default/common/action_macro.o
 .debug_aranges
                0x00000000000003f0       0xa8 .build/obj_kb_default/common/action_layer.o
 .debug_aranges
                0x0000000000000498      0x128 .build/obj_kb_default/common/action_util.o
 .debug_aranges
                0x00000000000005c0       0x18 .build/obj_kb_default/common/debug.o
 .debug_aranges
                0x00000000000005d8       0x68 .build/obj_kb_default/common/eeconfig.o
 .debug_aranges
                0x0000000000000640       0x48 .build/obj_kb_default/common/avr/suspend.o
 .debug_aranges
                0x0000000000000688       0x50 .build/obj_kb_default/common/avr/timer.o
 .debug_aranges
                0x00000000000006d8       0x28 .build/obj_kb_default/common/avr/bootloader.o
 .debug_aranges
                0x0000000000000700       0x30 .build/obj_kb_default/common/bootmagic.o
 .debug_aranges
                0x0000000000000730       0x50 .build/obj_kb_default/common/mousekey.o
 .debug_aranges
                0x0000000000000780       0x80 .build/obj_kb_default/lufa.o
 .debug_aranges
                0x0000000000000800       0x20 .build/obj_kb_default/descriptor.o
 .debug_aranges
                0x0000000000000820       0x20 .build/obj_kb_default/protocol/lufa/LUFA-git/LUFA/Drivers/USB/Core/AVR8/Device_AVR8.o
 .debug_aranges
                0x0000000000000840       0xc8 .build/obj_kb_default/protocol/lufa/LUFA-git/LUFA/Drivers/USB/Core/AVR8/EndpointStream_AVR8.o
 .debug_aranges
                0x0000000000000908       0x40 .build/obj_kb_default/protocol/lufa/LUFA-git/LUFA/Drivers/USB/Core/AVR8/Endpoint_AVR8.o
 .debug_aranges
                0x0000000000000948       0x30 .build/obj_kb_default/protocol/lufa/LUFA-git/LUFA/Drivers/USB/Core/AVR8/USBController_AVR8.o
 .debug_aranges
                0x0000000000000978       0x38 .build/obj_kb_default/protocol/lufa/LUFA-git/LUFA/Drivers/USB/Core/AVR8/USBInterrupt_AVR8.o
 .debug_aranges
                0x00000000000009b0       0x20 .build/obj_kb_default/protocol/lufa/LUFA-git/LUFA/Drivers/USB/Core/DeviceStandardReq.o
 .debug_aranges
                0x00000000000009d0       0x20 .build/obj_kb_default/protocol/lufa/LUFA-git/LUFA/Drivers/USB/Core/Events.o
 .debug_aranges
                0x00000000000009f0       0x20 .build/obj_kb_default/protocol/lufa/LUFA-git/LUFA/Drivers/USB/Core/USBTask.o
 .debug_aranges
                0x0000000000000a10       0x20 /usr/local/Cellar/avr-gcc@8/8.4.0/lib/avr-gcc/8/gcc/avr/8.4.0/avr5/libgcc.a(_divmodhi4.o)
 .debug_aranges
                0x0000000000000a30       0x20 /usr/local/Cellar/avr-gcc@8/8.4.0/lib/avr-gcc/8/gcc/avr/8.4.0/avr5/libgcc.a(_exit.o)
 .debug_aranges
                0x0000000000000a50       0x20 /usr/local/Cellar/avr-gcc@8/8.4.0/lib/avr-gcc/8/gcc/avr/8.4.0/avr5/libgcc.a(_tablejump2.o)
 .debug_aranges
                0x0000000000000a70       0x20 /usr/local/Cellar/avr-gcc@8/8.4.0/lib/avr-gcc/8/gcc/avr/8.4.0/avr5/libgcc.a(_copy_data.o)
 .debug_aranges
                0x0000000000000a90       0x20 /usr/local/Cellar/avr-gcc@8/8.4.0/lib/avr-gcc/8/gcc/avr/8.4.0/avr5/libgcc.a(_clear_bss.o)
 .debug_aranges
                0x0000000000000ab0       0x20 /usr/local/Cellar/avr-gcc@8/8.4.0/lib/avr-gcc/8/gcc/avr/8.4.0/avr5/libgcc.a(_udivmodhi4.o)

.debug_pubnames
 *(.debug_pubnames)

.debug_info     0x0000000000000000    0x1632f
 *(.debug_info .gnu.linkonce.wi.*)
 .debug_info    0x0000000000000000      0x9f4 /usr/local/Cellar/avr-gcc@8/8.4.0/lib/avr-gcc/8/gcc/avr/8.4.0/../../../../../../avr/lib/avr5/crtatmega32u4.o
 .debug_info    0x00000000000009f4      0xea5 .build/obj_kb_default/keyboards/kb/keymaps/default/keymap.o
 .debug_info    0x0000000000001899     0x1a94 .build/obj_kb_default/quantum/quantum.o
 .debug_info    0x000000000000332d     0x161b .build/obj_kb_default/quantum/keymap_common.o
 .debug_info    0x0000000000004948      0x595 .build/obj_kb_default/quantum/keycode_config.o
 .debug_info    0x0000000000004edd      0xa68 .build/obj_kb_default/quantum/process_keycode/process_leader.o
 .debug_info    0x0000000000005945      0x817 .build/obj_kb_default/quantum/matrix.o
 .debug_info    0x000000000000615c     0x1282 .build/obj_kb_default/quantum/process_keycode/process_unicode.o
 .debug_info    0x00000000000073de      0x6b0 .build/obj_kb_default/common/host.o
 .debug_info    0x0000000000007a8e      0x814 .build/obj_kb_default/common/keyboard.o
 .debug_info    0x00000000000082a2     0x1c4d .build/obj_kb_default/common/action.o
 .debug_info    0x0000000000009eef      0xf64 .build/obj_kb_default/common/action_tapping.o
 .debug_info    0x000000000000ae53      0xb2d .build/obj_kb_default/common/action_macro.o
 .debug_info    0x000000000000b980      0xc26 .build/obj_kb_default/common/action_layer.o
 .debug_info    0x000000000000c5a6      0xd02 .build/obj_kb_default/common/action_util.o
 .debug_info    0x000000000000d2a8      0x110 .build/obj_kb_default/common/debug.o
 .debug_info    0x000000000000d3b8      0x371 .build/obj_kb_default/common/eeconfig.o
 .debug_info    0x000000000000d729      0x6bc .build/obj_kb_default/common/avr/suspend.o
 .debug_info    0x000000000000dde5      0x42c .build/obj_kb_default/common/avr/timer.o
 .debug_info    0x000000000000e211      0x3e4 .build/obj_kb_default/common/avr/bootloader.o
 .debug_info    0x000000000000e5f5      0xd76 .build/obj_kb_default/common/bootmagic.o
 .debug_info    0x000000000000f36b      0x836 .build/obj_kb_default/common/mousekey.o
 .debug_info    0x000000000000fba1     0x160b .build/obj_kb_default/lufa.o
 .debug_info    0x00000000000111ac      0x9e7 .build/obj_kb_default/descriptor.o
 .debug_info    0x0000000000011b93      0x1c0 .build/obj_kb_default/protocol/lufa/LUFA-git/LUFA/Drivers/USB/Core/AVR8/Device_AVR8.o
 .debug_info    0x0000000000011d53     0x1da4 .build/obj_kb_default/protocol/lufa/LUFA-git/LUFA/Drivers/USB/Core/AVR8/EndpointStream_AVR8.o
 .debug_info    0x0000000000013af7      0x75d .build/obj_kb_default/protocol/lufa/LUFA-git/LUFA/Drivers/USB/Core/AVR8/Endpoint_AVR8.o
 .debug_info    0x0000000000014254      0x606 .build/obj_kb_default/protocol/lufa/LUFA-git/LUFA/Drivers/USB/Core/AVR8/USBController_AVR8.o
 .debug_info    0x000000000001485a      0xa43 .build/obj_kb_default/protocol/lufa/LUFA-git/LUFA/Drivers/USB/Core/AVR8/USBInterrupt_AVR8.o
 .debug_info    0x000000000001529d      0xc3a .build/obj_kb_default/protocol/lufa/LUFA-git/LUFA/Drivers/USB/Core/DeviceStandardReq.o
 .debug_info    0x0000000000015ed7       0x79 .build/obj_kb_default/protocol/lufa/LUFA-git/LUFA/Drivers/USB/Core/Events.o
 .debug_info    0x0000000000015f50      0x2fb .build/obj_kb_default/protocol/lufa/LUFA-git/LUFA/Drivers/USB/Core/USBTask.o
 .debug_info    0x000000000001624b       0x26 /usr/local/Cellar/avr-gcc@8/8.4.0/lib/avr-gcc/8/gcc/avr/8.4.0/avr5/libgcc.a(_divmodhi4.o)
 .debug_info    0x0000000000016271       0x26 /usr/local/Cellar/avr-gcc@8/8.4.0/lib/avr-gcc/8/gcc/avr/8.4.0/avr5/libgcc.a(_exit.o)
 .debug_info    0x0000000000016297       0x26 /usr/local/Cellar/avr-gcc@8/8.4.0/lib/avr-gcc/8/gcc/avr/8.4.0/avr5/libgcc.a(_tablejump2.o)
 .debug_info    0x00000000000162bd       0x26 /usr/local/Cellar/avr-gcc@8/8.4.0/lib/avr-gcc/8/gcc/avr/8.4.0/avr5/libgcc.a(_copy_data.o)
 .debug_info    0x00000000000162e3       0x26 /usr/local/Cellar/avr-gcc@8/8.4.0/lib/avr-gcc/8/gcc/avr/8.4.0/avr5/libgcc.a(_clear_bss.o)
 .debug_info    0x0000000000016309       0x26 /usr/local/Cellar/avr-gcc@8/8.4.0/lib/avr-gcc/8/gcc/avr/8.4.0/avr5/libgcc.a(_udivmodhi4.o)

.debug_abbrev   0x0000000000000000     0x569a
 *(.debug_abbrev)
 .debug_abbrev  0x0000000000000000      0x96a /usr/local/Cellar/avr-gcc@8/8.4.0/lib/avr-gcc/8/gcc/avr/8.4.0/../../../../../../avr/lib/avr5/crtatmega32u4.o
 .debug_abbrev  0x000000000000096a      0x240 .build/obj_kb_default/keyboards/kb/keymaps/default/keymap.o
 .debug_abbrev  0x0000000000000baa      0x4bc .build/obj_kb_default/quantum/quantum.o
 .debug_abbrev  0x0000000000001066      0x2a6 .build/obj_kb_default/quantum/keymap_common.o
 .debug_abbrev  0x000000000000130c       0xe7 .build/obj_kb_default/quantum/keycode_config.o
 .debug_abbrev  0x00000000000013f3      0x20d .build/obj_kb_default/quantum/process_keycode/process_leader.o
 .debug_abbrev  0x0000000000001600      0x39f .build/obj_kb_default/quantum/matrix.o
 .debug_abbrev  0x000000000000199f      0x36a .build/obj_kb_default/quantum/process_keycode/process_unicode.o
 .debug_abbrev  0x0000000000001d09      0x231 .build/obj_kb_default/common/host.o
 .debug_abbrev  0x0000000000001f3a      0x2b3 .build/obj_kb_default/common/keyboard.o
 .debug_abbrev  0x00000000000021ed      0x3aa .build/obj_kb_default/common/action.o
 .debug_abbrev  0x0000000000002597      0x341 .build/obj_kb_default/common/action_tapping.o
 .debug_abbrev  0x00000000000028d8      0x284 .build/obj_kb_default/common/action_macro.o
 .debug_abbrev  0x0000000000002b5c      0x2de .build/obj_kb_default/common/action_layer.o
 .debug_abbrev  0x0000000000002e3a      0x3be .build/obj_kb_default/common/action_util.o
 .debug_abbrev  0x00000000000031f8       0xa2 .build/obj_kb_default/common/debug.o
 .debug_abbrev  0x000000000000329a       0xcf .build/obj_kb_default/common/eeconfig.o
 .debug_abbrev  0x0000000000003369      0x306 .build/obj_kb_default/common/avr/suspend.o
 .debug_abbrev  0x000000000000366f      0x1c3 .build/obj_kb_default/common/avr/timer.o
 .debug_abbrev  0x0000000000003832      0x248 .build/obj_kb_default/common/avr/bootloader.o
 .debug_abbrev  0x0000000000003a7a      0x2f3 .build/obj_kb_default/common/bootmagic.o
 .debug_abbrev  0x0000000000003d6d      0x261 .build/obj_kb_default/common/mousekey.o
 .debug_abbrev  0x0000000000003fce      0x4d1 .build/obj_kb_default/lufa.o
 .debug_abbrev  0x000000000000449f      0x207 .build/obj_kb_default/descriptor.o
 .debug_abbrev  0x00000000000046a6       0xcb .build/obj_kb_default/protocol/lufa/LUFA-git/LUFA/Drivers/USB/Core/AVR8/Device_AVR8.o
 .debug_abbrev  0x0000000000004771      0x23b .build/obj_kb_default/protocol/lufa/LUFA-git/LUFA/Drivers/USB/Core/AVR8/EndpointStream_AVR8.o
 .debug_abbrev  0x00000000000049ac      0x29d .build/obj_kb_default/protocol/lufa/LUFA-git/LUFA/Drivers/USB/Core/AVR8/Endpoint_AVR8.o
 .debug_abbrev  0x0000000000004c49      0x1f5 .build/obj_kb_default/protocol/lufa/LUFA-git/LUFA/Drivers/USB/Core/AVR8/USBController_AVR8.o
 .debug_abbrev  0x0000000000004e3e      0x2a5 .build/obj_kb_default/protocol/lufa/LUFA-git/LUFA/Drivers/USB/Core/AVR8/USBInterrupt_AVR8.o
 .debug_abbrev  0x00000000000050e3      0x346 .build/obj_kb_default/protocol/lufa/LUFA-git/LUFA/Drivers/USB/Core/DeviceStandardReq.o
 .debug_abbrev  0x0000000000005429       0x46 .build/obj_kb_default/protocol/lufa/LUFA-git/LUFA/Drivers/USB/Core/Events.o
 .debug_abbrev  0x000000000000546f      0x1b3 .build/obj_kb_default/protocol/lufa/LUFA-git/LUFA/Drivers/USB/Core/USBTask.o
 .debug_abbrev  0x0000000000005622       0x14 /usr/local/Cellar/avr-gcc@8/8.4.0/lib/avr-gcc/8/gcc/avr/8.4.0/avr5/libgcc.a(_divmodhi4.o)
 .debug_abbrev  0x0000000000005636       0x14 /usr/local/Cellar/avr-gcc@8/8.4.0/lib/avr-gcc/8/gcc/avr/8.4.0/avr5/libgcc.a(_exit.o)
 .debug_abbrev  0x000000000000564a       0x14 /usr/local/Cellar/avr-gcc@8/8.4.0/lib/avr-gcc/8/gcc/avr/8.4.0/avr5/libgcc.a(_tablejump2.o)
 .debug_abbrev  0x000000000000565e       0x14 /usr/local/Cellar/avr-gcc@8/8.4.0/lib/avr-gcc/8/gcc/avr/8.4.0/avr5/libgcc.a(_copy_data.o)
 .debug_abbrev  0x0000000000005672       0x14 /usr/local/Cellar/avr-gcc@8/8.4.0/lib/avr-gcc/8/gcc/avr/8.4.0/avr5/libgcc.a(_clear_bss.o)
 .debug_abbrev  0x0000000000005686       0x14 /usr/local/Cellar/avr-gcc@8/8.4.0/lib/avr-gcc/8/gcc/avr/8.4.0/avr5/libgcc.a(_udivmodhi4.o)

.debug_line     0x0000000000000000    0x12311
 *(.debug_line .debug_line.* .debug_line_end)
 .debug_line    0x0000000000000000       0x1d /usr/local/Cellar/avr-gcc@8/8.4.0/lib/avr-gcc/8/gcc/avr/8.4.0/../../../../../../avr/lib/avr5/crtatmega32u4.o
 .debug_line    0x000000000000001d      0x363 .build/obj_kb_default/keyboards/kb/keymaps/default/keymap.o
 .debug_line    0x0000000000000380      0xf1d .build/obj_kb_default/quantum/quantum.o
 .debug_line    0x000000000000129d      0x7f1 .build/obj_kb_default/quantum/keymap_common.o
 .debug_line    0x0000000000001a8e      0x293 .build/obj_kb_default/quantum/keycode_config.o
 .debug_line    0x0000000000001d21      0x40e .build/obj_kb_default/quantum/process_keycode/process_leader.o
 .debug_line    0x000000000000212f      0x81e .build/obj_kb_default/quantum/matrix.o
 .debug_line    0x000000000000294d      0x7ed .build/obj_kb_default/quantum/process_keycode/process_unicode.o
 .debug_line    0x000000000000313a      0x3ae .build/obj_kb_default/common/host.o
 .debug_line    0x00000000000034e8      0x513 .build/obj_kb_default/common/keyboard.o
 .debug_line    0x00000000000039fb     0x137f .build/obj_kb_default/common/action.o
 .debug_line    0x0000000000004d7a      0xd24 .build/obj_kb_default/common/action_tapping.o
 .debug_line    0x0000000000005a9e      0x519 .build/obj_kb_default/common/action_macro.o
 .debug_line    0x0000000000005fb7      0xab4 .build/obj_kb_default/common/action_layer.o
 .debug_line    0x0000000000006a6b      0xc24 .build/obj_kb_default/common/action_util.o
 .debug_line    0x000000000000768f       0x7f .build/obj_kb_default/common/debug.o
 .debug_line    0x000000000000770e      0x22a .build/obj_kb_default/common/eeconfig.o
 .debug_line    0x0000000000007938      0x4c1 .build/obj_kb_default/common/avr/suspend.o
 .debug_line    0x0000000000007df9      0x52b .build/obj_kb_default/common/avr/timer.o
 .debug_line    0x0000000000008324      0x384 .build/obj_kb_default/common/avr/bootloader.o
 .debug_line    0x00000000000086a8      0x9a3 .build/obj_kb_default/common/bootmagic.o
 .debug_line    0x000000000000904b      0xee9 .build/obj_kb_default/common/mousekey.o
 .debug_line    0x0000000000009f34     0x14d4 .build/obj_kb_default/lufa.o
 .debug_line    0x000000000000b408      0x3ab .build/obj_kb_default/descriptor.o
 .debug_line    0x000000000000b7b3      0x2a5 .build/obj_kb_default/protocol/lufa/LUFA-git/LUFA/Drivers/USB/Core/AVR8/Device_AVR8.o
 .debug_line    0x000000000000ba58     0x3482 .build/obj_kb_default/protocol/lufa/LUFA-git/LUFA/Drivers/USB/Core/AVR8/EndpointStream_AVR8.o
 .debug_line    0x000000000000eeda      0xa8e .build/obj_kb_default/protocol/lufa/LUFA-git/LUFA/Drivers/USB/Core/AVR8/Endpoint_AVR8.o
 .debug_line    0x000000000000f968      0x71a .build/obj_kb_default/protocol/lufa/LUFA-git/LUFA/Drivers/USB/Core/AVR8/USBController_AVR8.o
 .debug_line    0x0000000000010082      0xe06 .build/obj_kb_default/protocol/lufa/LUFA-git/LUFA/Drivers/USB/Core/AVR8/USBInterrupt_AVR8.o
 .debug_line    0x0000000000010e88      0xdcf .build/obj_kb_default/protocol/lufa/LUFA-git/LUFA/Drivers/USB/Core/DeviceStandardReq.o
 .debug_line    0x0000000000011c57       0x79 .build/obj_kb_default/protocol/lufa/LUFA-git/LUFA/Drivers/USB/Core/Events.o
 .debug_line    0x0000000000011cd0      0x2b7 .build/obj_kb_default/protocol/lufa/LUFA-git/LUFA/Drivers/USB/Core/USBTask.o
 .debug_line    0x0000000000011f87       0xc7 /usr/local/Cellar/avr-gcc@8/8.4.0/lib/avr-gcc/8/gcc/avr/8.4.0/avr5/libgcc.a(_divmodhi4.o)
 .debug_line    0x000000000001204e       0x61 /usr/local/Cellar/avr-gcc@8/8.4.0/lib/avr-gcc/8/gcc/avr/8.4.0/avr5/libgcc.a(_exit.o)
 .debug_line    0x00000000000120af       0x79 /usr/local/Cellar/avr-gcc@8/8.4.0/lib/avr-gcc/8/gcc/avr/8.4.0/avr5/libgcc.a(_tablejump2.o)
 .debug_line    0x0000000000012128       0x97 /usr/local/Cellar/avr-gcc@8/8.4.0/lib/avr-gcc/8/gcc/avr/8.4.0/avr5/libgcc.a(_copy_data.o)
 .debug_line    0x00000000000121bf       0x85 /usr/local/Cellar/avr-gcc@8/8.4.0/lib/avr-gcc/8/gcc/avr/8.4.0/avr5/libgcc.a(_clear_bss.o)
 .debug_line    0x0000000000012244       0xcd /usr/local/Cellar/avr-gcc@8/8.4.0/lib/avr-gcc/8/gcc/avr/8.4.0/avr5/libgcc.a(_udivmodhi4.o)

.debug_frame    0x0000000000000000     0x18d0
 *(.debug_frame)
 .debug_frame   0x0000000000000000       0x64 .build/obj_kb_default/keyboards/kb/keymaps/default/keymap.o
 .debug_frame   0x0000000000000064      0x274 .build/obj_kb_default/quantum/quantum.o
 .debug_frame   0x00000000000002d8       0x64 .build/obj_kb_default/quantum/keymap_common.o
 .debug_frame   0x000000000000033c       0x24 .build/obj_kb_default/quantum/keycode_config.o
 .debug_frame   0x0000000000000360       0x54 .build/obj_kb_default/quantum/process_keycode/process_leader.o
 .debug_frame   0x00000000000003b4      0x170 .build/obj_kb_default/quantum/matrix.o
 .debug_frame   0x0000000000000524       0xac .build/obj_kb_default/quantum/process_keycode/process_unicode.o
 .debug_frame   0x00000000000005d0       0xa4 .build/obj_kb_default/common/host.o
 .debug_frame   0x0000000000000674       0xac .build/obj_kb_default/common/keyboard.o
 .debug_frame   0x0000000000000720      0x180 .build/obj_kb_default/common/action.o
 .debug_frame   0x00000000000008a0       0xd0 .build/obj_kb_default/common/action_tapping.o
 .debug_frame   0x0000000000000970       0x44 .build/obj_kb_default/common/action_macro.o
 .debug_frame   0x00000000000009b4      0x1d8 .build/obj_kb_default/common/action_layer.o
 .debug_frame   0x0000000000000b8c      0x240 .build/obj_kb_default/common/action_util.o
 .debug_frame   0x0000000000000dcc       0xb4 .build/obj_kb_default/common/eeconfig.o
 .debug_frame   0x0000000000000e80       0x9c .build/obj_kb_default/common/avr/suspend.o
 .debug_frame   0x0000000000000f1c       0xb4 .build/obj_kb_default/common/avr/timer.o
 .debug_frame   0x0000000000000fd0       0x34 .build/obj_kb_default/common/avr/bootloader.o
 .debug_frame   0x0000000000001004       0x84 .build/obj_kb_default/common/bootmagic.o
 .debug_frame   0x0000000000001088       0x94 .build/obj_kb_default/common/mousekey.o
 .debug_frame   0x000000000000111c      0x120 .build/obj_kb_default/lufa.o
 .debug_frame   0x000000000000123c       0x24 .build/obj_kb_default/descriptor.o
 .debug_frame   0x0000000000001260       0x24 .build/obj_kb_default/protocol/lufa/LUFA-git/LUFA/Drivers/USB/Core/AVR8/Device_AVR8.o
 .debug_frame   0x0000000000001284      0x404 .build/obj_kb_default/protocol/lufa/LUFA-git/LUFA/Drivers/USB/Core/AVR8/EndpointStream_AVR8.o
 .debug_frame   0x0000000000001688       0x78 .build/obj_kb_default/protocol/lufa/LUFA-git/LUFA/Drivers/USB/Core/AVR8/Endpoint_AVR8.o
 .debug_frame   0x0000000000001700       0x58 .build/obj_kb_default/protocol/lufa/LUFA-git/LUFA/Drivers/USB/Core/AVR8/USBController_AVR8.o
 .debug_frame   0x0000000000001758       0xec .build/obj_kb_default/protocol/lufa/LUFA-git/LUFA/Drivers/USB/Core/AVR8/USBInterrupt_AVR8.o
 .debug_frame   0x0000000000001844       0x3c .build/obj_kb_default/protocol/lufa/LUFA-git/LUFA/Drivers/USB/Core/DeviceStandardReq.o
 .debug_frame   0x0000000000001880       0x24 .build/obj_kb_default/protocol/lufa/LUFA-git/LUFA/Drivers/USB/Core/Events.o
 .debug_frame   0x00000000000018a4       0x2c .build/obj_kb_default/protocol/lufa/LUFA-git/LUFA/Drivers/USB/Core/USBTask.o

.debug_str      0x0000000000000000     0x4876
 *(.debug_str)
 .debug_str     0x0000000000000000      0x371 /usr/local/Cellar/avr-gcc@8/8.4.0/lib/avr-gcc/8/gcc/avr/8.4.0/../../../../../../avr/lib/avr5/crtatmega32u4.o
 .debug_str     0x0000000000000371      0xf5f .build/obj_kb_default/keyboards/kb/keymaps/default/keymap.o
                                       0x100c (size before relaxing)
 .debug_str     0x00000000000012d0      0x38e .build/obj_kb_default/quantum/quantum.o
                                       0x1390 (size before relaxing)
 .debug_str     0x000000000000165e      0x63f .build/obj_kb_default/quantum/keymap_common.o
                                       0x1652 (size before relaxing)
 .debug_str     0x0000000000001c9d       0x19 .build/obj_kb_default/quantum/keycode_config.o
                                        0x803 (size before relaxing)
 .debug_str     0x0000000000001cb6       0x7a .build/obj_kb_default/quantum/process_keycode/process_leader.o
                                        0xa68 (size before relaxing)
 .debug_str     0x0000000000001d30      0x175 .build/obj_kb_default/quantum/matrix.o
                                        0x421 (size before relaxing)
 .debug_str     0x0000000000001ea5       0xad .build/obj_kb_default/quantum/process_keycode/process_unicode.o
                                       0x10b2 (size before relaxing)
 .debug_str     0x0000000000001f52      0x11d .build/obj_kb_default/common/host.o
                                        0x490 (size before relaxing)
 .debug_str     0x000000000000206f      0x155 .build/obj_kb_default/common/keyboard.o
                                        0x5ec (size before relaxing)
 .debug_str     0x00000000000021c4      0x38f .build/obj_kb_default/common/action.o
                                       0x14d3 (size before relaxing)
 .debug_str     0x0000000000002553       0xe8 .build/obj_kb_default/common/action_tapping.o
                                        0xb8d (size before relaxing)
 .debug_str     0x000000000000263b       0x76 .build/obj_kb_default/common/action_macro.o
                                        0xa18 (size before relaxing)
 .debug_str     0x00000000000026b1       0x80 .build/obj_kb_default/common/action_layer.o
                                        0x50f (size before relaxing)
 .debug_str     0x0000000000002731      0x184 .build/obj_kb_default/common/action_util.o
                                        0x791 (size before relaxing)
 .debug_str     0x00000000000028b5       0x1a .build/obj_kb_default/common/debug.o
                                        0x1d8 (size before relaxing)
 .debug_str     0x00000000000028cf       0xea .build/obj_kb_default/common/eeconfig.o
                                        0x2bd (size before relaxing)
 .debug_str     0x00000000000029b9      0x169 .build/obj_kb_default/common/avr/suspend.o
                                        0x544 (size before relaxing)
 .debug_str     0x0000000000002b22       0x81 .build/obj_kb_default/common/avr/timer.o
                                        0x239 (size before relaxing)
 .debug_str     0x0000000000002ba3       0x69 .build/obj_kb_default/common/avr/bootloader.o
                                        0x37f (size before relaxing)
 .debug_str     0x0000000000002c0c       0x35 .build/obj_kb_default/common/bootmagic.o
                                        0xb78 (size before relaxing)
 .debug_str     0x0000000000002c41       0x78 .build/obj_kb_default/common/mousekey.o
                                        0x7c1 (size before relaxing)
 .debug_str     0x0000000000002cb9      0x444 .build/obj_kb_default/lufa.o
                                        0xaeb (size before relaxing)
 .debug_str     0x00000000000030fd      0x76e .build/obj_kb_default/descriptor.o
                                        0xa67 (size before relaxing)
 .debug_str     0x000000000000386b       0x77 .build/obj_kb_default/protocol/lufa/LUFA-git/LUFA/Drivers/USB/Core/AVR8/Device_AVR8.o
                                        0x2ed (size before relaxing)
 .debug_str     0x00000000000038e2      0x4d5 .build/obj_kb_default/protocol/lufa/LUFA-git/LUFA/Drivers/USB/Core/AVR8/EndpointStream_AVR8.o
                                        0x8e1 (size before relaxing)
 .debug_str     0x0000000000003db7      0x26d .build/obj_kb_default/protocol/lufa/LUFA-git/LUFA/Drivers/USB/Core/AVR8/Endpoint_AVR8.o
                                        0x6a1 (size before relaxing)
 .debug_str     0x0000000000004024      0x19a .build/obj_kb_default/protocol/lufa/LUFA-git/LUFA/Drivers/USB/Core/AVR8/USBController_AVR8.o
                                        0x5c5 (size before relaxing)
 .debug_str     0x00000000000041be      0x15f .build/obj_kb_default/protocol/lufa/LUFA-git/LUFA/Drivers/USB/Core/AVR8/USBInterrupt_AVR8.o
                                        0x695 (size before relaxing)
 .debug_str     0x000000000000431d      0x426 .build/obj_kb_default/protocol/lufa/LUFA-git/LUFA/Drivers/USB/Core/DeviceStandardReq.o
                                        0x9f5 (size before relaxing)
 .debug_str     0x0000000000004743       0x50 .build/obj_kb_default/protocol/lufa/LUFA-git/LUFA/Drivers/USB/Core/Events.o
                                        0x1be (size before relaxing)
 .debug_str     0x0000000000004793       0x5e .build/obj_kb_default/protocol/lufa/LUFA-git/LUFA/Drivers/USB/Core/USBTask.o
                                        0x3f4 (size before relaxing)
 .debug_str     0x00000000000047f1       0x85 /usr/local/Cellar/avr-gcc@8/8.4.0/lib/avr-gcc/8/gcc/avr/8.4.0/avr5/libgcc.a(_divmodhi4.o)
 .debug_str     0x0000000000004876       0x85 /usr/local/Cellar/avr-gcc@8/8.4.0/lib/avr-gcc/8/gcc/avr/8.4.0/avr5/libgcc.a(_exit.o)
 .debug_str     0x0000000000004876       0x85 /usr/local/Cellar/avr-gcc@8/8.4.0/lib/avr-gcc/8/gcc/avr/8.4.0/avr5/libgcc.a(_tablejump2.o)
 .debug_str     0x0000000000004876       0x85 /usr/local/Cellar/avr-gcc@8/8.4.0/lib/avr-gcc/8/gcc/avr/8.4.0/avr5/libgcc.a(_copy_data.o)
 .debug_str     0x0000000000004876       0x85 /usr/local/Cellar/avr-gcc@8/8.4.0/lib/avr-gcc/8/gcc/avr/8.4.0/avr5/libgcc.a(_clear_bss.o)
 .debug_str     0x0000000000004876       0x85 /usr/local/Cellar/avr-gcc@8/8.4.0/lib/avr-gcc/8/gcc/avr/8.4.0/avr5/libgcc.a(_udivmodhi4.o)

.debug_loc      0x0000000000000000     0x8ef4
 *(.debug_loc)
 .debug_loc     0x0000000000000000       0x54 .build/obj_kb_default/keyboards/kb/keymaps/default/keymap.o
 .debug_loc     0x0000000000000054      0xa76 .build/obj_kb_default/quantum/quantum.o
 .debug_loc     0x0000000000000aca      0x55c .build/obj_kb_default/quantum/keymap_common.o
 .debug_loc     0x0000000000001026      0x17e .build/obj_kb_default/quantum/keycode_config.o
 .debug_loc     0x00000000000011a4       0xf8 .build/obj_kb_default/quantum/process_keycode/process_leader.o
 .debug_loc     0x000000000000129c      0x558 .build/obj_kb_default/quantum/matrix.o
 .debug_loc     0x00000000000017f4      0x23f .build/obj_kb_default/quantum/process_keycode/process_unicode.o
 .debug_loc     0x0000000000001a33       0xf0 .build/obj_kb_default/common/host.o
 .debug_loc     0x0000000000001b23      0x20a .build/obj_kb_default/common/keyboard.o
 .debug_loc     0x0000000000001d2d      0xb44 .build/obj_kb_default/common/action.o
 .debug_loc     0x0000000000002871      0x694 .build/obj_kb_default/common/action_tapping.o
 .debug_loc     0x0000000000002f05      0x583 .build/obj_kb_default/common/action_macro.o
 .debug_loc     0x0000000000003488      0x9cd .build/obj_kb_default/common/action_layer.o
 .debug_loc     0x0000000000003e55      0x3ab .build/obj_kb_default/common/action_util.o
 .debug_loc     0x0000000000004200       0x96 .build/obj_kb_default/common/eeconfig.o
 .debug_loc     0x0000000000004296       0xc9 .build/obj_kb_default/common/avr/suspend.o
 .debug_loc     0x000000000000435f      0x35b .build/obj_kb_default/common/avr/timer.o
 .debug_loc     0x00000000000046ba       0x4e .build/obj_kb_default/common/avr/bootloader.o
 .debug_loc     0x0000000000004708      0x318 .build/obj_kb_default/common/bootmagic.o
 .debug_loc     0x0000000000004a20      0x493 .build/obj_kb_default/common/mousekey.o
 .debug_loc     0x0000000000004eb3      0x809 .build/obj_kb_default/lufa.o
 .debug_loc     0x00000000000056bc      0x2d9 .build/obj_kb_default/descriptor.o
 .debug_loc     0x0000000000005995     0x274e .build/obj_kb_default/protocol/lufa/LUFA-git/LUFA/Drivers/USB/Core/AVR8/EndpointStream_AVR8.o
 .debug_loc     0x00000000000080e3      0x4a0 .build/obj_kb_default/protocol/lufa/LUFA-git/LUFA/Drivers/USB/Core/AVR8/Endpoint_AVR8.o
 .debug_loc     0x0000000000008583       0xf9 .build/obj_kb_default/protocol/lufa/LUFA-git/LUFA/Drivers/USB/Core/AVR8/USBController_AVR8.o
 .debug_loc     0x000000000000867c      0x492 .build/obj_kb_default/protocol/lufa/LUFA-git/LUFA/Drivers/USB/Core/AVR8/USBInterrupt_AVR8.o
 .debug_loc     0x0000000000008b0e      0x384 .build/obj_kb_default/protocol/lufa/LUFA-git/LUFA/Drivers/USB/Core/DeviceStandardReq.o
 .debug_loc     0x0000000000008e92       0x62 .build/obj_kb_default/protocol/lufa/LUFA-git/LUFA/Drivers/USB/Core/USBTask.o

.debug_macinfo
 *(.debug_macinfo)

.debug_weaknames
 *(.debug_weaknames)

.debug_funcnames
 *(.debug_funcnames)

.debug_typenames
 *(.debug_typenames)

.debug_varnames
 *(.debug_varnames)

.debug_pubtypes
 *(.debug_pubtypes)

.debug_ranges   0x0000000000000000     0x1208
 *(.debug_ranges)
 .debug_ranges  0x0000000000000000       0x28 .build/obj_kb_default/keyboards/kb/keymaps/default/keymap.o
 .debug_ranges  0x0000000000000028       0xe8 .build/obj_kb_default/quantum/quantum.o
 .debug_ranges  0x0000000000000110       0x30 .build/obj_kb_default/quantum/keymap_common.o
 .debug_ranges  0x0000000000000140       0x10 .build/obj_kb_default/quantum/keycode_config.o
 .debug_ranges  0x0000000000000150       0x18 .build/obj_kb_default/quantum/process_keycode/process_leader.o
 .debug_ranges  0x0000000000000168      0x168 .build/obj_kb_default/quantum/matrix.o
 .debug_ranges  0x00000000000002d0       0x58 .build/obj_kb_default/quantum/process_keycode/process_unicode.o
 .debug_ranges  0x0000000000000328       0x50 .build/obj_kb_default/common/host.o
 .debug_ranges  0x0000000000000378       0x90 .build/obj_kb_default/common/keyboard.o
 .debug_ranges  0x0000000000000408       0xb8 .build/obj_kb_default/common/action.o
 .debug_ranges  0x00000000000004c0       0xe8 .build/obj_kb_default/common/action_tapping.o
 .debug_ranges  0x00000000000005a8       0x28 .build/obj_kb_default/common/action_macro.o
 .debug_ranges  0x00000000000005d0      0x210 .build/obj_kb_default/common/action_layer.o
 .debug_ranges  0x00000000000007e0      0x178 .build/obj_kb_default/common/action_util.o
 .debug_ranges  0x0000000000000958       0x58 .build/obj_kb_default/common/eeconfig.o
 .debug_ranges  0x00000000000009b0       0x80 .build/obj_kb_default/common/avr/suspend.o
 .debug_ranges  0x0000000000000a30       0x40 .build/obj_kb_default/common/avr/timer.o
 .debug_ranges  0x0000000000000a70       0x30 .build/obj_kb_default/common/avr/bootloader.o
 .debug_ranges  0x0000000000000aa0       0x78 .build/obj_kb_default/common/bootmagic.o
 .debug_ranges  0x0000000000000b18       0x40 .build/obj_kb_default/common/mousekey.o
 .debug_ranges  0x0000000000000b58      0x1d8 .build/obj_kb_default/lufa.o
 .debug_ranges  0x0000000000000d30       0x28 .build/obj_kb_default/descriptor.o
 .debug_ranges  0x0000000000000d58       0x10 .build/obj_kb_default/protocol/lufa/LUFA-git/LUFA/Drivers/USB/Core/AVR8/Device_AVR8.o
 .debug_ranges  0x0000000000000d68      0x1f8 .build/obj_kb_default/protocol/lufa/LUFA-git/LUFA/Drivers/USB/Core/AVR8/EndpointStream_AVR8.o
 .debug_ranges  0x0000000000000f60       0xd8 .build/obj_kb_default/protocol/lufa/LUFA-git/LUFA/Drivers/USB/Core/AVR8/Endpoint_AVR8.o
 .debug_ranges  0x0000000000001038       0x50 .build/obj_kb_default/protocol/lufa/LUFA-git/LUFA/Drivers/USB/Core/AVR8/USBController_AVR8.o
 .debug_ranges  0x0000000000001088       0x70 .build/obj_kb_default/protocol/lufa/LUFA-git/LUFA/Drivers/USB/Core/AVR8/USBInterrupt_AVR8.o
 .debug_ranges  0x00000000000010f8       0xf0 .build/obj_kb_default/protocol/lufa/LUFA-git/LUFA/Drivers/USB/Core/DeviceStandardReq.o
 .debug_ranges  0x00000000000011e8       0x10 .build/obj_kb_default/protocol/lufa/LUFA-git/LUFA/Drivers/USB/Core/Events.o
 .debug_ranges  0x00000000000011f8       0x10 .build/obj_kb_default/protocol/lufa/LUFA-git/LUFA/Drivers/USB/Core/USBTask.o

.debug_macro
 *(.debug_macro)

.debug_addr
 *(.debug_addr)
OUTPUT(.build/kb_default.elf elf32-avr)
LOAD linker stubs

Cross Reference Table

Symbol                                            File